Component: ARM Compiler 5.06 update 4 (build 422) Tool: armlink [4d35d2]

==============================================================================

Section Cross References

    analogin_api.o(i.adc_read) refers to stm32f1xx_hal_adc.o(i.HAL_ADC_ConfigChannel) for HAL_ADC_ConfigChannel
    analogin_api.o(i.adc_read) refers to stm32f1xx_hal_adc.o(i.HAL_ADC_Start) for HAL_ADC_Start
    analogin_api.o(i.adc_read) refers to stm32f1xx_hal_adc.o(i.HAL_ADC_PollForConversion) for HAL_ADC_PollForConversion
    analogin_api.o(i.adc_read) refers to stm32f1xx_hal_adc.o(i.HAL_ADC_GetValue) for HAL_ADC_GetValue
    analogin_api.o(i.adc_read) refers to analogin_api.o(.bss) for .bss
    analogin_api.o(i.analogin_init) refers to mbed_pinmap_common.o(i.pinmap_peripheral) for pinmap_peripheral
    analogin_api.o(i.analogin_init) refers to mbed_assert.o(i.mbed_assert_internal) for mbed_assert_internal
    analogin_api.o(i.analogin_init) refers to mbed_pinmap_common.o(i.pinmap_function) for pinmap_function
    analogin_api.o(i.analogin_init) refers to mbed_pinmap_common.o(i.pinmap_pinout) for pinmap_pinout
    analogin_api.o(i.analogin_init) refers to stm32f1xx_hal_rcc_ex.o(i.HAL_RCCEx_PeriphCLKConfig) for HAL_RCCEx_PeriphCLKConfig
    analogin_api.o(i.analogin_init) refers to stm32f1xx_hal_adc.o(i.HAL_ADC_Init) for HAL_ADC_Init
    analogin_api.o(i.analogin_init) refers to PeripheralPins.o(.constdata) for PinMap_ADC
    analogin_api.o(i.analogin_init) refers to analogin_api.o(.conststring) for .conststring
    analogin_api.o(i.analogin_init) refers to analogin_api.o(.data) for .data
    analogin_api.o(i.analogin_init) refers to analogin_api.o(.bss) for .bss
    analogin_api.o(i.analogin_read) refers to analogin_api.o(i.adc_read) for adc_read
    analogin_api.o(i.analogin_read) refers to fflt_clz.o(x$fpl$ffltu) for __aeabi_ui2f
    analogin_api.o(i.analogin_read) refers to fmul.o(x$fpl$fmul) for __aeabi_fmul
    analogin_api.o(i.analogin_read_u16) refers to analogin_api.o(i.adc_read) for adc_read
    can_api.o(i.CAN1_SCE_IRQHandler) refers to can_api.o(i.can_irq) for can_irq
    can_api.o(i.USB_HP_CAN1_TX_IRQHandler) refers to can_api.o(i.can_irq) for can_irq
    can_api.o(i.USB_LP_CAN1_RX0_IRQHandler) refers to can_api.o(i.can_irq) for can_irq
    can_api.o(i.can_filter) refers to stm32f1xx_hal_can.o(i.HAL_CAN_ConfigFilter) for HAL_CAN_ConfigFilter
    can_api.o(i.can_filter) refers to can_api.o(.bss) for .bss
    can_api.o(i.can_frequency) refers to stm32f1xx_hal_rcc.o(i.HAL_RCC_GetPCLK1Freq) for HAL_RCC_GetPCLK1Freq
    can_api.o(i.can_frequency) refers to stm32f1xx_hal.o(i.HAL_GetTick) for HAL_GetTick
    can_api.o(i.can_frequency) refers to mbed_error.o(i.error) for error
    can_api.o(i.can_frequency) refers to can_api.o(.constdata) for .constdata
    can_api.o(i.can_init) refers to can_api.o(i.can_init_freq) for can_init_freq
    can_api.o(i.can_init_freq) refers to mbed_pinmap_common.o(i.pinmap_peripheral) for pinmap_peripheral
    can_api.o(i.can_init_freq) refers to mbed_pinmap_common.o(i.pinmap_merge) for pinmap_merge
    can_api.o(i.can_init_freq) refers to mbed_assert.o(i.mbed_assert_internal) for mbed_assert_internal
    can_api.o(i.can_init_freq) refers to mbed_pinmap_common.o(i.pinmap_pinout) for pinmap_pinout
    can_api.o(i.can_init_freq) refers to pinmap.o(i.pin_mode) for pin_mode
    can_api.o(i.can_init_freq) refers to stm32f1xx_hal_can.o(i.HAL_CAN_Init) for HAL_CAN_Init
    can_api.o(i.can_init_freq) refers to mbed_error.o(i.error) for error
    can_api.o(i.can_init_freq) refers to can_api.o(i.can_frequency) for can_frequency
    can_api.o(i.can_init_freq) refers to stm32f1xx_hal_can.o(i.HAL_CAN_ConfigFilter) for HAL_CAN_ConfigFilter
    can_api.o(i.can_init_freq) refers to PeripheralPins.o(.constdata) for PinMap_CAN_RD
    can_api.o(i.can_init_freq) refers to PeripheralPins.o(.constdata) for PinMap_CAN_TD
    can_api.o(i.can_init_freq) refers to can_api.o(.conststring) for .conststring
    can_api.o(i.can_init_freq) refers to can_api.o(.bss) for .bss
    can_api.o(i.can_irq) refers to can_api.o(.bss) for .bss
    can_api.o(i.can_irq) refers to can_api.o(.data) for .data
    can_api.o(i.can_irq_free) refers to can_api.o(.data) for .data
    can_api.o(i.can_irq_init) refers to can_api.o(.data) for .data
    can_api.o(i.can_irq_set) refers to can_api.o(i.USB_LP_CAN1_RX0_IRQHandler) for USB_LP_CAN1_RX0_IRQHandler
    can_api.o(i.can_irq_set) refers to can_api.o(i.USB_HP_CAN1_TX_IRQHandler) for USB_HP_CAN1_TX_IRQHandler
    can_api.o(i.can_irq_set) refers to can_api.o(i.CAN1_SCE_IRQHandler) for CAN1_SCE_IRQHandler
    gpio_api.o(i.Set_GPIO_Clock) refers to mbed_error.o(i.error) for error
    gpio_api.o(i.gpio_init) refers to gpio_api.o(i.Set_GPIO_Clock) for Set_GPIO_Clock
    gpio_api.o(i.gpio_init) refers to pinmap.o(i.pin_function) for pin_function
    gpio_api.o(i.gpio_init) refers to pinmap.o(.constdata) for ll_pin_defines
    gpio_api.o(i.gpio_mode) refers to pinmap.o(i.pin_mode) for pin_mode
[...]
    EXTI0_IRQHandler                         0x08000257   Thumb Code     0  startup_stm32f103xb.o(.text)
    EXTI15_10_IRQHandler                     0x08000257   Thumb Code     0  startup_stm32f103xb.o(.text)
    EXTI1_IRQHandler                         0x08000257   Thumb Code     0  startup_stm32f103xb.o(.text)
    EXTI2_IRQHandler                         0x08000257   Thumb Code     0  startup_stm32f103xb.o(.text)
    EXTI3_IRQHandler                         0x08000257   Thumb Code     0  startup_stm32f103xb.o(.text)
    EXTI4_IRQHandler                         0x08000257   Thumb Code     0  startup_stm32f103xb.o(.text)
    EXTI9_5_IRQHandler                       0x08000257   Thumb Code     0  startup_stm32f103xb.o(.text)
    FLASH_IRQHandler                         0x08000257   Thumb Code     0  startup_stm32f103xb.o(.text)
    I2C1_ER_IRQHandler                       0x08000257   Thumb Code     0  startup_stm32f103xb.o(.text)
    I2C1_EV_IRQHandler                       0x08000257   Thumb Code     0  startup_stm32f103xb.o(.text)
    I2C2_ER_IRQHandler                       0x08000257   Thumb Code     0  startup_stm32f103xb.o(.text)
    I2C2_EV_IRQHandler                       0x08000257   Thumb Code     0  startup_stm32f103xb.o(.text)
    PVD_IRQHandler                           0x08000257   Thumb Code     0  startup_stm32f103xb.o(.text)
    RCC_IRQHandler                           0x08000257   Thumb Code     0  startup_stm32f103xb.o(.text)
    RTC_Alarm_IRQHandler                     0x08000257   Thumb Code     0  startup_stm32f103xb.o(.text)
    RTC_IRQHandler                           0x08000257   Thumb Code     0  startup_stm32f103xb.o(.text)
    SPI1_IRQHandler                          0x08000257   Thumb Code     0  startup_stm32f103xb.o(.text)
    SPI2_IRQHandler                          0x08000257   Thumb Code     0  startup_stm32f103xb.o(.text)
    TAMPER_IRQHandler                        0x08000257   Thumb Code     0  startup_stm32f103xb.o(.text)
    TIM1_BRK_IRQHandler                      0x08000257   Thumb Code     0  startup_stm32f103xb.o(.text)
    TIM1_CC_IRQHandler                       0x08000257   Thumb Code     0  startup_stm32f103xb.o(.text)
    TIM1_TRG_COM_IRQHandler                  0x08000257   Thumb Code     0  startup_stm32f103xb.o(.text)
    TIM1_UP_IRQHandler                       0x08000257   Thumb Code     0  startup_stm32f103xb.o(.text)
    TIM2_IRQHandler                          0x08000257   Thumb Code     0  startup_stm32f103xb.o(.text)
    TIM3_IRQHandler                          0x08000257   Thumb Code     0  startup_stm32f103xb.o(.text)
    TIM4_IRQHandler                          0x08000257   Thumb Code     0  startup_stm32f103xb.o(.text)
    USART1_IRQHandler                        0x08000257   Thumb Code     0  startup_stm32f103xb.o(.text)
    USART2_IRQHandler                        0x08000257   Thumb Code     0  startup_stm32f103xb.o(.text)
    USART3_IRQHandler                        0x08000257   Thumb Code     0  startup_stm32f103xb.o(.text)
    USBWakeUp_IRQHandler                     0x08000257   Thumb Code     0  startup_stm32f103xb.o(.text)
    WWDG_IRQHandler                          0x08000257   Thumb Code     0  startup_stm32f103xb.o(.text)
    __aeabi_errno_addr                       0x08000261   Thumb Code     8  rt_errno_addr.o(.text)
    __errno                                  0x08000261   Thumb Code     0  rt_errno_addr.o(.text)
    __rt_errno_addr                          0x08000261   Thumb Code     0  rt_errno_addr.o(.text)
    malloc                                   0x08000269   Thumb Code    94  h1_alloc.o(.text)
    free                                     0x080002c7   Thumb Code    78  h1_free.o(.text)
    vsnprintf                                0x08000315   Thumb Code    48  vsnprintf.o(.text)
    __c89vfprintf                            0x08000349   Thumb Code    10  c89vfprintf.o(.text)
    __2sprintf                               0x08000355   Thumb Code    38  __2sprintf.o(.text)
    _printf_longlong_hex                     0x08000381   Thumb Code    86  _printf_hex_int_ll_ptr.o(.text)
    _printf_int_hex                          0x080003d7   Thumb Code    28  _printf_hex_int_ll_ptr.o(.text)
    _printf_ll_hex                           0x080003f3   Thumb Code    12  _printf_hex_int_ll_ptr.o(.text)
    _printf_hex_ptr                          0x080003ff   Thumb Code    18  _printf_hex_int_ll_ptr.o(.text)
    __printf                                 0x08000415   Thumb Code   388  __printf_flags_ss_wp.o(.text)
    __0sscanf                                0x0800059d   Thumb Code    52  __0sscanf.o(.text)
    _scanf_int                               0x080005d9   Thumb Code   332  _scanf_int.o(.text)
    _do_fflush                               0x08000725   Thumb Code    54  fflush.o(.text)
    fflush                                   0x0800075b   Thumb Code    42  fflush.o(.text)
    fgets                                    0x08000789   Thumb Code    74  fgets.o(.text)
    freopen                                  0x080007d5   Thumb Code   158  fopen.o(.text)
    fopen                                    0x08000873   Thumb Code    74  fopen.o(.text)
    setbuf                                   0x080008c1   Thumb Code    20  setbuf.o(.text)
    _fclose_internal                         0x080008d5   Thumb Code    76  fclose.o(.text)
    fclose                                   0x080008d5   Thumb Code     0  fclose.o(.text)
    strlen                                   0x08000921   Thumb Code    62  strlen.o(.text)
    strncmp                                  0x0800095f   Thumb Code   150  strncmp.o(.text)
    __aeabi_memcpy4                          0x080009f5   Thumb Code     0  rt_memcpy_w.o(.text)
    __aeabi_memcpy8                          0x080009f5   Thumb Code     0  rt_memcpy_w.o(.text)
    __rt_memcpy_w                            0x080009f5   Thumb Code   100  rt_memcpy_w.o(.text)
    _memcpy_lastbytes_aligned                0x08000a3d   Thumb Code     0  rt_memcpy_w.o(.text)
    __aeabi_memclr4                          0x08000a59   Thumb Code     0  rt_memclr_w.o(.text)
    __aeabi_memclr8                          0x08000a59   Thumb Code     0  rt_memclr_w.o(.text)
    __rt_memclr_w                            0x08000a59   Thumb Code    78  rt_memclr_w.o(.text)
    _memset_w                                0x08000a5d   Thumb Code     0  rt_memclr_w.o(.text)
    strcmp                                   0x08000aa9   Thumb Code   128  strcmpv7m.o(.text)
    __cpp_initialize__aeabi_                 0x08000b29   Thumb Code    26  init_aeabi.o(.text)
    __aeabi_vec_dtor                         0x08000b4d   Thumb Code    34  aeabi_vec_dtor_noexceptions.o(.text)
    __rt_heap_descriptor                     0x08000b71   Thumb Code     8  rt_heap_descriptor.o(.text)
    __use_no_heap                            0x08000b79   Thumb Code     2  hguard.o(.text)
    __heap$guard                             0x08000b7b   Thumb Code     2  hguard.o(.text)
    _terminate_user_alloc                    0x08000b7d   Thumb Code     2  init_alloc.o(.text)
    _init_user_alloc                         0x08000b7f   Thumb Code     2  init_alloc.o(.text)
    __Heap_Full                              0x08000b81   Thumb Code    34  init_alloc.o(.text)
    __Heap_Broken                            0x08000ba3   Thumb Code     6  init_alloc.o(.text)
    _init_alloc                              0x08000ba9   Thumb Code    94  init_alloc.o(.text)
    __Heap_Initialize                        0x08000c07   Thumb Code    10  h1_init.o(.text)
    __Heap_DescSize                          0x08000c11   Thumb Code     4  h1_init.o(.text)
    _printf_pre_padding                      0x08000c15   Thumb Code    44  _printf_pad.o(.text)
    _printf_post_padding                     0x08000c41   Thumb Code    34  _printf_pad.o(.text)
    _printf_truncate_signed                  0x08000c63   Thumb Code    18  _printf_truncate.o(.text)
    _printf_truncate_unsigned                0x08000c75   Thumb Code    18  _printf_truncate.o(.text)
    _printf_str                              0x08000c87   Thumb Code    82  _printf_str.o(.text)
    _printf_int_common                       0x08000cd9   Thumb Code   178  _printf_intcommon.o(.text)
    _printf_int_dec                          0x08000d8d   Thumb Code   104  _printf_dec.o(.text)
    _printf_charcount                        0x08000e05   Thumb Code    40  _printf_charcount.o(.text)
    _printf_char_common                      0x08000e37   Thumb Code    32  _printf_char_common.o(.text)
    _sputc                                   0x08000e5d   Thumb Code    10  _sputc.o(.text)
    _snputc                                  0x08000e67   Thumb Code    16  _snputc.o(.text)
    _printf_char_file                        0x08000e79   Thumb Code    32  _printf_char_file.o(.text)
    _printf_wctomb                           0x08000e9d   Thumb Code   182  _printf_wctomb.o(.text)
    _printf_longlong_dec                     0x08000f59   Thumb Code   108  _printf_longlong_dec.o(.text)
    _printf_longlong_oct                     0x08000fd5   Thumb Code    66  _printf_oct_int_ll.o(.text)
    _printf_int_oct                          0x08001017   Thumb Code    24  _printf_oct_int_ll.o(.text)
    _printf_ll_oct                           0x0800102f   Thumb Code    12  _printf_oct_int_ll.o(.text)
    _chval                                   0x08001045   Thumb Code    28  _chval.o(.text)
    __vfscanf_char                           0x0800106d   Thumb Code    24  scanf_char.o(.text)
    _sgetc                                   0x0800108d   Thumb Code    30  _sgetc.o(.text)
    _sbackspace                              0x080010ab   Thumb Code    34  _sgetc.o(.text)
    ferror                                   0x080010cd   Thumb Code     8  ferror.o(.text)
    _readbuf                                 0x080010d5   Thumb Code    54  filbuf.o(.text)
    _seteof                                  0x0800110b   Thumb Code    40  filbuf.o(.text)
    __filbuf                                 0x08001133   Thumb Code   476  filbuf.o(.text)
    __filbuf_byte                            0x08001133   Thumb Code     0  filbuf.o(.text)
    __filbuf_wide                            0x08001133   Thumb Code     0  filbuf.o(.text)
    __flsbuf                                 0x0800130f   Thumb Code   470  flsbuf.o(.text)
    __flsbuf_byte                            0x0800130f   Thumb Code     0  flsbuf.o(.text)
    __flsbuf_wide                            0x0800130f   Thumb Code     0  flsbuf.o(.text)
    _fseek                                   0x080014e5   Thumb Code   242  fseek.o(.text)
    fseek                                    0x080014e5   Thumb Code     0  fseek.o(.text)
    setvbuf                                  0x080015dd   Thumb Code    70  setvbuf.o(.text)
    _seterr                                  0x08001625   Thumb Code    20  stdio.o(.text)
    _writebuf                                0x08001639   Thumb Code    84  stdio.o(.text)
    _fflush                                  0x0800168d   Thumb Code    70  stdio.o(.text)
    _deferredlazyseek                        0x080016d3   Thumb Code    60  stdio.o(.text)
    _initio                                  0x08001715   Thumb Code   210  initio.o(.text)
    _terminateio                             0x080017e7   Thumb Code    56  initio.o(.text)
    __rt_SIGPVFN                             0x0800184d   Thumb Code    14  defsig_pvfn_outer.o(.text)
    __Heap_ProvideMemory                     0x0800185b   Thumb Code    52  h1_extend.o(.text)
    _ll_udiv10                               0x0800188f   Thumb Code   138  lludiv10.o(.text)
    isspace                                  0x08001919   Thumb Code    18  isspace.o(.text)
    __lib_sel_fp_printf                      0x0800192b   Thumb Code     2  _printf_fp_dec.o(.text)
    _printf_fp_dec_real                      0x08001ad9   Thumb Code   620  _printf_fp_dec.o(.text)
    _printf_fp_hex_real                      0x08001d45   Thumb Code   756  _printf_fp_hex.o(.text)
    _printf_cs_common                        0x08002041   Thumb Code    20  _printf_char.o(.text)
    _printf_char                             0x08002055   Thumb Code    16  _printf_char.o(.text)
    _printf_string                           0x08002065   Thumb Code     8  _printf_char.o(.text)
    _printf_lcs_common                       0x0800206d   Thumb Code    20  _printf_wchar.o(.text)
    _printf_wchar                            0x08002081   Thumb Code    16  _printf_wchar.o(.text)
    _printf_wstring                          0x08002091   Thumb Code     8  _printf_wchar.o(.text)
    __vfscanf                                0x08002099   Thumb Code   878  _scanf.o(.text)
    _ftell_internal                          0x0800240d   Thumb Code    66  ftell.o(.text)
    ftell                                    0x0800240d   Thumb Code     0  ftell.o(.text)
    _flushlinebuffered                       0x08002451   Thumb Code    50  flushlinebuffered.o(.text)
    _wcrtomb                                 0x08002489   Thumb Code    64  _wcrtomb.o(.text)
    __sig_exit                               0x080024c9   Thumb Code    10  defsig_exit.o(.text)
    __rt_SIGRTRED                            0x080024d3   Thumb Code    14  defsig_rtred_outer.o(.text)
    __rt_SIGRTMEM                            0x080024e1   Thumb Code    14  defsig_rtmem_outer.o(.text)
    __rt_SIGPVFN_inner                       0x080024f1   Thumb Code    14  defsig_pvfn_inner.o(.text)
    __rt_heap_escrow                         0x08002521   Thumb Code    22  heapauxa.o(.text)
    __rt_heap_expand                         0x08002537   Thumb Code    52  heapauxa.o(.text)
    _sys_exit                                0x08002571   Thumb Code     8  sys_exit.o(.text)
    __rt_ctype_table                         0x0800257d   Thumb Code    16  rt_ctype_table.o(.text)
    __rt_locale                              0x0800258d   Thumb Code     8  rt_locale.o(.text)
    _printf_fp_infnan                        0x08002595   Thumb Code   112  _printf_fp_infnan.o(.text)
    _btod_etento                             0x08002615   Thumb Code   216  bigflt0.o(.text)
    __default_signal_display                 0x080026f1   Thumb Code    50  defsig_general.o(.text)
    __rt_SIGRTRED_inner                      0x08002725   Thumb Code    14  defsig_rtred_inner.o(.text)
    __rt_SIGRTMEM_inner                      0x08002759   Thumb Code    22  defsig_rtmem_inner.o(.text)
    _ttywrch                                 0x080027a9   Thumb Code    14  sys_wrch.o(.text)
    __I$use$semihosting                      0x080027b7   Thumb Code     0  use_no_semi.o(.text)
    __use_no_semihosting_swi                 0x080027b7   Thumb Code     2  use_no_semi.o(.text)
    __semihosting_library_function           0x080027b9   Thumb Code     0  indicate_semi.o(.text)
    _btod_d2e                                0x080027b9   Thumb Code    62  btod.o(CL$$btod_d2e)
    _d2e_denorm_low                          0x080027f7   Thumb Code    70  btod.o(CL$$btod_d2e_denorm_low)
    _d2e_norm_op1                            0x0800283d   Thumb Code    96  btod.o(CL$$btod_d2e_norm_op1)
    __btod_div_common                        0x0800289d   Thumb Code   696  btod.o(CL$$btod_div_common)
    _e2e                                     0x08002bd5   Thumb Code   198  btod.o(CL$$btod_e2e)
    _btod_ediv                               0x08002c9b   Thumb Code    40  btod.o(CL$$btod_ediv)
    _btod_emul                               0x08002cc3   Thumb Code    40  btod.o(CL$$btod_emul)
    __btod_mult_common                       0x08002ceb   Thumb Code   580  btod.o(CL$$btod_mult_common)
    main                                     0x08002f2f   Thumb Code    14  mbed_sdk_boot.o(i.$Sub$$main)
    CAN1_SCE_IRQHandler                      0x08002f45   Thumb Code     8  can_api.o(i.CAN1_SCE_IRQHandler)
    HAL_DMA_Abort_IT                         0x08002f51   Thumb Code   140  stm32f1xx_hal_dma.o(i.HAL_DMA_Abort_IT)
    HAL_GetTick                              0x08002ff9   Thumb Code     6  stm32f1xx_hal.o(i.HAL_GetTick)
    HAL_IncTick                              0x08003005   Thumb Code    10  stm32f1xx_hal.o(i.HAL_IncTick)
    HAL_Init                                 0x08003015   Thumb Code    32  stm32f1xx_hal.o(i.HAL_Init)
    HAL_InitTick                             0x08003039   Thumb Code   166  hal_tick_16b.o(i.HAL_InitTick)
    HAL_MspInit                              0x08003101   Thumb Code     2  stm32f1xx_hal.o(i.HAL_MspInit)
    HAL_NVIC_SetPriorityGrouping             0x08003105   Thumb Code    30  stm32f1xx_hal_cortex.o(i.HAL_NVIC_SetPriorityGrouping)
    HAL_RCC_ClockConfig                      0x08003129   Thumb Code   448  stm32f1xx_hal_rcc.o(i.HAL_RCC_ClockConfig)
    HAL_RCC_GetPCLK1Freq                     0x08003309   Thumb Code    20  stm32f1xx_hal_rcc.o(i.HAL_RCC_GetPCLK1Freq)
    HAL_RCC_GetPCLK2Freq                     0x08003329   Thumb Code    20  stm32f1xx_hal_rcc.o(i.HAL_RCC_GetPCLK2Freq)
    HAL_RCC_GetSysClockFreq                  0x08003349   Thumb Code    84  stm32f1xx_hal_rcc.o(i.HAL_RCC_GetSysClockFreq)
    HAL_RCC_OscConfig                        0x080033bd   Thumb Code   908  stm32f1xx_hal_rcc.o(i.HAL_RCC_OscConfig)
    HAL_TIM_Base_Init                        0x0800375d   Thumb Code    54  stm32f1xx_hal_tim.o(i.HAL_TIM_Base_Init)
    HAL_TIM_Base_MspInit                     0x08003793   Thumb Code     2  stm32f1xx_hal_tim.o(i.HAL_TIM_Base_MspInit)
    HAL_TIM_Base_Start                       0x08003795   Thumb Code    26  stm32f1xx_hal_tim.o(i.HAL_TIM_Base_Start)
    HAL_TIM_GenerateEvent                    0x080037af   Thumb Code    38  stm32f1xx_hal_tim.o(i.HAL_TIM_GenerateEvent)
    HAL_TIM_OC_Start                         0x080037d5   Thumb Code    54  stm32f1xx_hal_tim.o(i.HAL_TIM_OC_Start)
    HAL_UART_ErrorCallback                   0x0800380b   Thumb Code    48  serial_device.o(i.HAL_UART_ErrorCallback)
    HAL_UART_IRQHandler                      0x0800383d   Thumb Code   678  stm32f1xx_hal_uart.o(i.HAL_UART_IRQHandler)
    HAL_UART_Init                            0x08003ae9   Thumb Code    98  stm32f1xx_hal_uart.o(i.HAL_UART_Init)
    HAL_UART_MspInit                         0x08003b4b   Thumb Code     2  stm32f1xx_hal_uart.o(i.HAL_UART_MspInit)
    HAL_UART_RxCpltCallback                  0x08003b4d   Thumb Code     2  stm32f1xx_hal_uart.o(i.HAL_UART_RxCpltCallback)
    HAL_UART_TxCpltCallback                  0x08003b4f   Thumb Code    18  serial_device.o(i.HAL_UART_TxCpltCallback)
    SetSysClock                              0x08003b61   Thumb Code   196  system_stm32f1xx.o(i.SetSysClock)
    Set_GPIO_Clock                           0x08003c25   Thumb Code   124  gpio_api.o(i.Set_GPIO_Clock)
    SystemCoreClockUpdate                    0x08003cdd   Thumb Code    90  system_stm32f1xx.o(i.SystemCoreClockUpdate)
    SystemInit                               0x08003d4d   Thumb Code    60  system_stm32f1xx.o(i.SystemInit)
    TIM_Base_SetConfig                       0x08003d95   Thumb Code   106  stm32f1xx_hal_tim.o(i.TIM_Base_SetConfig)
    USB_HP_CAN1_TX_IRQHandler                0x08003fd1   Thumb Code     8  can_api.o(i.USB_HP_CAN1_TX_IRQHandler)
    USB_LP_CAN1_RX0_IRQHandler               0x08003fdd   Thumb Code     8  can_api.o(i.USB_LP_CAN1_RX0_IRQHandler)
    mbed::FileHandle::size()                 0x08003fe9   Thumb Code    52  FileHandle.o(i._ZN4mbed10FileHandle4sizeEv)
    mbed::FileHandle::isatty()               0x0800401d   Thumb Code     4  FileHandle.o(i._ZN4mbed10FileHandle6isattyEv)
    mbed::SerialBase::_base_getc()           0x08004021   Thumb Code     6  SerialBase.o(i._ZN4mbed10SerialBase10_base_getcEv)
    mbed::SerialBase::_base_putc(int)        0x08004027   Thumb Code    14  SerialBase.o(i._ZN4mbed10SerialBase10_base_putcEi)
    mbed::SerialBase::_irq_handler(unsigned, SerialIrq) 0x08004035   Thumb Code    40  SerialBase.o(i._ZN4mbed10SerialBase12_irq_handlerEj9SerialIrq)
    mbed::SerialBase::interrupt_handler_asynch() 0x08004065   Thumb Code    62  SerialBase.o(i._ZN4mbed10SerialBase24interrupt_handler_asynchEv)
    mbed::SerialBase::baud(int)              0x080040a3   Thumb Code    40  SerialBase.o(i._ZN4mbed10SerialBase4baudEi)
    mbed::SerialBase::lock()                 0x080040cb   Thumb Code     2  SerialBase.o(i._ZN4mbed10SerialBase4lockEv)
    mbed::SerialBase::format(int, mbed::SerialBase::Parity, int) 0x080040cd   Thumb Code    48  SerialBase.o(i._ZN4mbed10SerialBase6formatEiNS0_6ParityEi)
    mbed::SerialBase::unlock()               0x080040fd   Thumb Code     2  SerialBase.o(i._ZN4mbed10SerialBase6unlockEv)
    mbed::SerialBase::SerialBase(PinName, PinName, int) 0x08004101   Thumb Code   224  SerialBase.o(i._ZN4mbed10SerialBaseC1E7PinNameS1_i)
    mbed::SerialBase::SerialBase__sub_object(PinName, PinName, int) 0x08004101   Thumb Code     0  SerialBase.o(i._ZN4mbed10SerialBaseC1E7PinNameS1_i)
    mbed::mbed_fdopen(mbed::FileHandle*, const char*) 0x08004201   Thumb Code    54  mbed_retarget.o(i._ZN4mbed11mbed_fdopenEPNS_10FileHandleEPKc)
    mbed::remove_filehandle(mbed::FileHandle*) 0x0800423d   Thumb Code    94  mbed_retarget.o(i._ZN4mbed17remove_filehandleEPNS_10FileHandleE)
    mbed::mbed_set_unbuffered_stream(std::__FILE*) 0x080042ad   Thumb Code     6  mbed_retarget.o(i._ZN4mbed26mbed_set_unbuffered_streamEPSt6__FILE)
    mbed::Serial::lock()                     0x080042b3   Thumb Code     2  Serial.o(i._ZN4mbed6Serial4lockEv)
    mbed::Serial::unlock()                   0x080042b5   Thumb Code     2  Serial.o(i._ZN4mbed6Serial6unlockEv)
    mbed::Serial::Serial(PinName, PinName, const char*, int) 0x080042b9   Thumb Code    38  Serial.o(i._ZN4mbed6SerialC1E7PinNameS1_PKci)
    mbed::Serial::Serial__sub_object(PinName, PinName, const char*, int) 0x080042b9   Thumb Code     0  Serial.o(i._ZN4mbed6SerialC1E7PinNameS1_PKci)
    mbed::Serial::~Serial()                  0x080042e5   Thumb Code    76  Serial.o(i._ZN4mbed6SerialD1Ev)
    mbed::Serial::~Serial__sub_object()      0x080042e5   Thumb Code     0  Serial.o(i._ZN4mbed6SerialD1Ev)
    mbed::Stream::gets(char*, int)           0x0800433d   Thumb Code    46  Stream.o(i._ZN4mbed6Stream4getsEPci)
    mbed::Stream::lock()                     0x0800436b   Thumb Code     2  Stream.o(i._ZN4mbed6Stream4lockEv)
    mbed::Stream::putc(int)                  0x0800436d   Thumb Code    42  Stream.o(i._ZN4mbed6Stream4putcEi)
    mbed::Stream::read(void*, unsigned)      0x08004397   Thumb Code    60  Stream.o(i._ZN4mbed6Stream4readEPvj)
    mbed::Stream::seek(long, int)            0x080043d3   Thumb Code     4  Stream.o(i._ZN4mbed6Stream4seekEli)
    mbed::Stream::size()                     0x080043d7   Thumb Code     4  Stream.o(i._ZN4mbed6Stream4sizeEv)
    mbed::Stream::close()                    0x080043db   Thumb Code     4  Stream.o(i._ZN4mbed6Stream5closeEv)
    mbed::Stream::write(const void*, unsigned) 0x080043df   Thumb Code    60  Stream.o(i._ZN4mbed6Stream5writeEPKvj)
    mbed::Stream::isatty()                   0x0800441b   Thumb Code     4  Stream.o(i._ZN4mbed6Stream6isattyEv)
    mbed::Stream::printf(const char*, ...)   0x0800441f   Thumb Code    50  Stream.o(i._ZN4mbed6Stream6printfEPKcz)
    mbed::Stream::unlock()                   0x08004451   Thumb Code     2  Stream.o(i._ZN4mbed6Stream6unlockEv)
    mbed::Stream::Stream__sub_object(const char*) 0x08004455   Thumb Code    66  Stream.o(i._ZN4mbed6StreamC2EPKc)
    mbed::Stream::~Stream()                  0x080044c5   Thumb Code     0  Stream.o(i._ZN4mbed6StreamD2Ev)
    mbed::Stream::~Stream__sub_object()      0x080044c5   Thumb Code    28  Stream.o(i._ZN4mbed6StreamD2Ev)
    mbed::fdopen(mbed::FileHandle*, const char*) 0x080044e5   Thumb Code     4  FileHandle.o(i._ZN4mbed6fdopenEPNS_10FileHandleEPKc)
    mbed::FileBase::getPathType()            0x080044e9   Thumb Code     4  FileBase.o(i._ZN4mbed8FileBase11getPathTypeEv)
    mbed::FileBase::lookup(const char*, unsigned) 0x080044ed   Thumb Code    90  FileBase.o(i._ZN4mbed8FileBase6lookupEPKcj)
    mbed::FileBase::FileBase(const char*, mbed::PathType) 0x08004559   Thumb Code    50  FileBase.o(i._ZN4mbed8FileBaseC1EPKcNS_8PathTypeE)
    mbed::FileBase::FileBase__sub_object(const char*, mbed::PathType) 0x08004559   Thumb Code     0  FileBase.o(i._ZN4mbed8FileBaseC1EPKcNS_8PathTypeE)
    mbed::FileBase::~FileBase()              0x08004599   Thumb Code    72  FileBase.o(i._ZN4mbed8FileBaseD1Ev)
    mbed::FileBase::~FileBase__sub_object()  0x08004599   Thumb Code     0  FileBase.o(i._ZN4mbed8FileBaseD1Ev)
    mbed::FilePath::fileSystem()             0x080045ed   Thumb Code    30  FilePath.o(i._ZN4mbed8FilePath10fileSystemEv)
    mbed::FilePath::file()                   0x0800460b   Thumb Code    28  FilePath.o(i._ZN4mbed8FilePath4fileEv)
    mbed::FilePath::exists()                 0x08004627   Thumb Code    10  FilePath.o(i._ZN4mbed8FilePath6existsEv)
    mbed::FilePath::isFile()                 0x08004631   Thumb Code    24  FilePath.o(i._ZN4mbed8FilePath6isFileEv)
    mbed::FilePath::fileName()               0x08004649   Thumb Code     4  FilePath.o(i._ZN4mbed8FilePath8fileNameEv)
    mbed::FilePath::FilePath(const char*)    0x0800464d   Thumb Code    64  FilePath.o(i._ZN4mbed8FilePathC1EPKc)
    mbed::FilePath::FilePath__sub_object(const char*) 0x0800464d   Thumb Code     0  FilePath.o(i._ZN4mbed8FilePathC1EPKc)
    mbed::mbed_gets(char*, int, std::__FILE*) 0x0800468f   Thumb Code     4  mbed_retarget.o(i._ZN4mbed9mbed_getsEPciPSt6__FILE)
    thunk{-188} to mbed::Serial::lock()      0x08004693   Thumb Code     2  Serial.o(i._ZThn188_N4mbed6Serial4lockEv)
    thunk{-188} to mbed::Serial::_getc()     0x08004695   Thumb Code     6  Serial.o(i._ZThn188_N4mbed6Serial5_getcEv)
    thunk{-188} to mbed::Serial::_putc(int)  0x0800469b   Thumb Code     6  Serial.o(i._ZThn188_N4mbed6Serial5_putcEi)
    thunk{-188} to mbed::Serial::unlock()    0x080046a1   Thumb Code     2  Serial.o(i._ZThn188_N4mbed6Serial6unlockEv)
    __ARM_fpclassify                         0x080046a3   Thumb Code    40  fpclassify.o(i.__ARM_fpclassify)
    __aeabi_atexit                           0x080046cb   Thumb Code     4  mbed_retarget.o(i.__aeabi_atexit)
    __aeabi_vec_ctor_nocookie_nodtor         0x080046cf   Thumb Code    36  aeabi_vec_ctor_nocookie_nodtor.o(i.__aeabi_vec_ctor_nocookie_nodtor)
    __cxa_pure_virtual                       0x080046f3   Thumb Code     6  pure_virt.o(i.__cxa_pure_virtual)
    __user_setup_stackheap                   0x08004745   Thumb Code    10  sys.o(i.__user_setup_stackheap)
    _is_digit                                0x08004755   Thumb Code    14  __printf_wp.o(i._is_digit)
    _platform_post_stackheap_init            0x08004765   Thumb Code    24  mbed_sdk_boot.o(i._platform_post_stackheap_init)
    _sys_close                               0x08004781   Thumb Code    70  mbed_retarget.o(i._sys_close)
    _sys_flen                                0x080047cd   Thumb Code    70  mbed_retarget.o(i._sys_flen)
    _sys_istty                               0x08004819   Thumb Code    58  mbed_retarget.o(i._sys_istty)
    _sys_open                                0x08004859   Thumb Code   490  mbed_retarget.o(i._sys_open)
    _sys_read                                0x08004a6d   Thumb Code    98  mbed_retarget.o(i._sys_read)
    _sys_seek                                0x08004add   Thumb Code    74  mbed_retarget.o(i._sys_seek)
    _sys_write                               0x08004b2d   Thumb Code   110  mbed_retarget.o(i._sys_write)
    core_util_critical_section_enter         0x08004cd1   Thumb Code    70  mbed_critical.o(i.core_util_critical_section_enter)
    core_util_critical_section_exit          0x08004d5d   Thumb Code    60  mbed_critical.o(i.core_util_critical_section_exit)
    error                                    0x08004db5   Thumb Code    36  mbed_error.o(i.error)
    exit                                     0x08004ddd   Thumb Code    24  mbed_retarget.o(i.exit)
    fgetc                                    0x08004dfd   Thumb Code    24  fgetc.o(i.fgetc)
    fputc                                    0x08004e15   Thumb Code    26  fputc.o(i.fputc)
    init_uart                                0x08004e31   Thumb Code   100  serial_api.o(i.init_uart)
    $Super$$main                             0x08004eb1   Thumb Code   344  main.o(i.main)
    mbed_assert_internal                     0x08005039   Thumb Code    32  mbed_assert.o(i.mbed_assert_internal)
    mbed_die                                 0x0800508d   Thumb Code    18  mbed_board.o(i.mbed_die)
    mbed_error_printf                        0x080050a1   Thumb Code    76  mbed_board.o(i.mbed_error_printf)
    mbed_error_vfprintf                      0x080050f5   Thumb Code    70  mbed_board.o(i.mbed_error_vfprintf)
    mbed_main                                0x08005145   Thumb Code     2  mbed_sdk_boot.o(i.mbed_main)
    mbed_sdk_init                            0x08005147   Thumb Code    22  mbed_overrides.o(i.mbed_sdk_init)
    pin_function                             0x0800515d   Thumb Code   534  pinmap.o(i.pin_function)
    pin_mode                                 0x0800539d   Thumb Code   234  pinmap.o(i.pin_mode)
    pinmap_merge                             0x080054a5   Thumb Code    38  mbed_pinmap_common.o(i.pinmap_merge)
    pinmap_peripheral                        0x080054e1   Thumb Code    62  mbed_pinmap_common.o(i.pinmap_peripheral)
    pinmap_pinout                            0x08005541   Thumb Code    72  mbed_pinmap_common.o(i.pinmap_pinout)
    serial_baud                              0x080055e7   Thumb Code     6  serial_device.o(i.serial_baud)
    serial_format                            0x080055ed   Thumb Code   178  serial_api.o(i.serial_format)
    serial_getc                              0x080056c9   Thumb Code    40  serial_device.o(i.serial_getc)
    serial_init                              0x080056f5   Thumb Code   300  serial_device.o(i.serial_init)
    serial_irq_handler                       0x08005859   Thumb Code    14  serial_device.o(i.serial_irq_handler)
    serial_irq_handler_asynch                0x08005871   Thumb Code   344  serial_device.o(i.serial_irq_handler_asynch)
    serial_putc                              0x080059cd   Thumb Code    46  serial_device.o(i.serial_putc)
    serial_readable                          0x08005a01   Thumb Code    36  serial_api.o(i.serial_readable)
    serial_writable                          0x08005a29   Thumb Code    18  serial_api.o(i.serial_writable)
    ticker_irq_handler                       0x08005b39   Thumb Code    92  mbed_ticker_api.o(i.ticker_irq_handler)
    timer_irq_handler                        0x08005b95   Thumb Code   138  hal_tick_16b.o(i.timer_irq_handler)
    us_ticker_clear_interrupt                0x08005c5d   Thumb Code    14  us_ticker_16b.o(i.us_ticker_clear_interrupt)
    us_ticker_disable_interrupt              0x08005c75   Thumb Code    16  us_ticker_16b.o(i.us_ticker_disable_interrupt)
    us_ticker_init                           0x08005c8d   Thumb Code    26  us_ticker_16b.o(i.us_ticker_init)
    us_ticker_irq_handler                    0x08005cb5   Thumb Code     6  mbed_us_ticker_api.o(i.us_ticker_irq_handler)
    us_ticker_read                           0x08005cc1   Thumb Code    78  us_ticker_16b.o(i.us_ticker_read)
    us_ticker_set_interrupt                  0x08005d21   Thumb Code   150  us_ticker_16b.o(i.us_ticker_set_interrupt)
    wait                                     0x08005dc9   Thumb Code    32  mbed_wait_api_no_rtos.o(i.wait)
    wait_ms                                  0x08005ded   Thumb Code    28  mbed_wait_api_no_rtos.o(i.wait_ms)
    _get_lc_numeric                          0x08005e09   Thumb Code    44  lc_numeric_c.o(locale$$code)
    _get_lc_ctype                            0x08005e35   Thumb Code    44  lc_ctype_c.o(locale$$code)
    SingletonPtr<PlatformMutex>::operator ->() 0x08005e61   Thumb Code    36  FileBase.o(t._ZN12SingletonPtrI13PlatformMutexEptEv)
    void mbed::Callback<void()>::function_call<void(*)()>(const void*) 0x08005e8d   Thumb Code     4  SerialBase.o(t._ZN4mbed8CallbackIFvvEE13function_callIPS1_EEvPKv)
    void mbed::Callback<void()>::function_dtor<void(*)()>(void*) 0x08005e91   Thumb Code     2  SerialBase.o(t._ZN4mbed8CallbackIFvvEE13function_dtorIPS1_EEvPv)
    void mbed::Callback<void()>::function_move<void(*)()>(void*, const void*) 0x08005e93   Thumb Code    10  SerialBase.o(t._ZN4mbed8CallbackIFvvEE13function_moveIPS1_EEvPvPKv)
    mbed::Callback<void()>::~Callback()      0x08005e9d   Thumb Code    18  Serial.o(t._ZN4mbed8CallbackIFvvEED1Ev)
    mbed::Callback<void()>::~Callback__sub_object() 0x08005e9d   Thumb Code     0  Serial.o(t._ZN4mbed8CallbackIFvvEED1Ev)
    CThunk<mbed::SerialBase>::trampoline(mbed::SerialBase*, void*, void(mbed::SerialBase::**)(void*)) 0x08005eaf   Thumb Code    54  SerialBase.o(t._ZN6CThunkIN4mbed10SerialBaseEE10trampolineEPS1_PvPMS1_FvS4_E)
    __fpl_dretinf                            0x08005ee5   Thumb Code    12  dretinf.o(x$fpl$dretinf)
    __aeabi_f2d                              0x08005ef1   Thumb Code     0  f2d.o(x$fpl$f2d)
    _f2d                                     0x08005ef1   Thumb Code    86  f2d.o(x$fpl$f2d)
    __aeabi_fdiv                             0x08005f49   Thumb Code     0  fdiv.o(x$fpl$fdiv)
    _fdiv                                    0x08005f49   Thumb Code   384  fdiv.o(x$fpl$fdiv)
    __aeabi_f2iz                             0x080060cd   Thumb Code     0  ffix.o(x$fpl$ffix)
    _ffix                                    0x080060cd   Thumb Code    54  ffix.o(x$fpl$ffix)
    __aeabi_i2f                              0x08006105   Thumb Code     0  fflt_clz.o(x$fpl$fflt)
    _fflt                                    0x08006105   Thumb Code    48  fflt_clz.o(x$fpl$fflt)
    __aeabi_fmul                             0x08006135   Thumb Code     0  fmul.o(x$fpl$fmul)
    _fmul                                    0x08006135   Thumb Code   258  fmul.o(x$fpl$fmul)
    __fpl_fnaninf                            0x08006237   Thumb Code   140  fnaninf.o(x$fpl$fnaninf)
    __fpl_fretinf                            0x080062c3   Thumb Code    10  fretinf.o(x$fpl$fretinf)
    _printf_fp_dec                           0x080062cd   Thumb Code     4  printf1.o(x$fpl$printf1)
    _printf_fp_hex                           0x080062d1   Thumb Code     4  printf2.o(x$fpl$printf2)
    __I$use$fp                               0x080062d4   Number         0  usenofp.o(x$fpl$usenofp)
    __stdin_name                             0x080062d4   Data           7  mbed_retarget.o(.constdata)
    __stdout_name                            0x080062db   Data           8  mbed_retarget.o(.constdata)
    __stderr_name                            0x080062e3   Data           8  mbed_retarget.o(.constdata)
    PinMap_UART_TX                           0x080062ec   Data          72  PeripheralPins.o(.constdata)
    PinMap_UART_RX                           0x08006334   Data          72  PeripheralPins.o(.constdata)
    ll_pin_defines                           0x0800637c   Data          64  pinmap.o(.constdata)
    AHBPrescTable                            0x080063bc   Data          16  system_stm32f1xx.o(.constdata)
    APBPrescTable                            0x080063cc   Data           8  system_stm32f1xx.o(.constdata)
    vtable for mbed::FileHandle              0x08006500   Data          76  FileHandle.o(.constdata__ZTVN4mbed10FileHandleE)
    vtable for mbed::SerialBase              0x0800654c   Data          24  SerialBase.o(.constdata__ZTVN4mbed10SerialBaseE)
    vtable for mbed::Serial                  0x08006564   Data         140  Serial.o(.constdata__ZTVN4mbed6SerialE)
    vtable for mbed::Stream                  0x080065f0   Data         108  Stream.o(.constdata__ZTVN4mbed6StreamE)
    vtable for mbed::FileBase                0x0800665c   Data          16  FileBase.o(.constdata__ZTVN4mbed8FileBaseE)
    SingletonPtr<PlatformMutex>::get()::string 0x0800666c   Data          20  mbed_retarget.o(.constdata__ZZN12SingletonPtrI13PlatformMutexE3getEvEs)
    SingletonPtr<PlatformMutex>::get()::string (instance 2) 0x08006680   Data          88  mbed_retarget.o(.constdata__ZZN12SingletonPtrI13PlatformMutexE3getEvEs_0)
    void mbed::Callback<void()>::generate<void(*)()>(const T1&)::ops 0x080066d8   Data          12  SerialBase.o(.constdata__ZZN4mbed8CallbackIFvvEE8generateIPS1_EEvRKT_E3ops)
    mbed::Callback<void()>::call() const::string 0x080066e4   Data           5  SerialBase.o(.constdata__ZZNK4mbed8CallbackIFvvEE4callEvEs)
    mbed::Callback<void()>::call() const::string (instance 2) 0x080066e9   Data          84  SerialBase.o(.constdata__ZZNK4mbed8CallbackIFvvEE4callEvEs_0)
    Region$$Table$$Base                      0x080068a4   Number         0  anon$$obj.o(Region$$Table)
    Region$$Table$$Limit                     0x080068c4   Number         0  anon$$obj.o(Region$$Table)
    __ctype                                  0x080068ed   Data           0  lc_ctype_c.o(locale$$data)
    SHT$$INIT_ARRAY$$Base                    0x080069f0   Number         0  main.o(.init_array)
    SHT$$INIT_ARRAY$$Limit                   0x080069f4   Number         0  init_aeabi.o(.init_array)
    PreviousVal                              0x200000f4   Data           4  hal_tick_16b.o(.data)
    stdio_uart_inited                        0x20000100   Data           4  serial_device.o(.data)
    uwTick                                   0x20000108   Data           4  stm32f1xx_hal.o(.data)
    SystemCoreClock                          0x2000010c   Data           4  system_stm32f1xx.o(.data)
    SlaveCounter                             0x20000110   Data           4  us_ticker_16b.o(.data)
    oc_int_part                              0x20000114   Data           4  us_ticker_16b.o(.data)
    mbed::FileBase::_head                    0x20000128   Data           4  FileBase.o(.data)
    mbed::FileBase::_mutex                   0x2000012c   Data           8  FileBase.o(.data)
    __aeabi_stdin                            0x20000134   Data           4  stdio_streams.o(.data)
    __aeabi_stdout                           0x20000138   Data           4  stdio_streams.o(.data)
    __aeabi_stderr                           0x2000013c   Data           4  stdio_streams.o(.data)
    uart_handlers                            0x200002d8   Data         192  serial_device.o(.bss)
    stdio_uart                               0x20000398   Data          76  serial_device.o(.bss)
    TimMasterHandle                          0x200003e4   Data          64  us_ticker_16b.o(.bss)
    pc                                       0x20000424   Data         216  main.o(.bss)
    pc1                                      0x200004fc   Data         216  main.o(.bss)
    r                                        0x200005d4   Data           9  main.o(.bss)
    __stdin                                  0x200005fc   Data          84  stdio_streams.o(.bss)
    __stdout                                 0x20000650   Data          84  stdio_streams.o(.bss)
    __stderr                                 0x200006a4   Data          84  stdio_streams.o(.bss)
    Image$$RW_IRAM1$$ZI$$Limit               0x20000710   Number         0  anon$$obj.o ABSOLUTE



==============================================================================

Memory Map of the image

  Image Entry point : 0x080000ed

  Load Region LR_IROM1 (Base: 0x08000000, Size: 0x00006a4c, Max: 0x00020000, ABSOLUTE)

    Execution Region ER_IROM1 (Base: 0x08000000, Size: 0x000069f4, Max: 0x00020000, ABSOLUTE)

    Base Addr    Size         Type   Attr      Idx    E Section Name        Object

    0x08000000   0x000000ec   Data   RO          596    RESET               startup_stm32f103xb.o
    0x080000ec   0x00000008   Code   RO         3933  * !!!main             c_w.l(__main.o)
    0x080000f4   0x00000034   Code   RO         4627    !!!scatter          c_w.l(__scatter.o)
    0x08000128   0x0000001a   Code   RO         4629    !!handler_copy      c_w.l(__scatter_copy.o)
    0x08000142   0x00000002   PAD
    0x08000144   0x0000001c   Code   RO         4631    !!handler_zi        c_w.l(__scatter_zi.o)
    0x08000160   0x00000000   Code   RO         3878    .ARM.Collect$$_printf_percent$$00000000  c_w.l(_printf_percent.o)
    0x08000160   0x00000006   Code   RO         4142    .ARM.Collect$$_printf_percent$$00000001  c_w.l(_printf_n.o)
    0x08000166   0x00000006   Code   RO         3877    .ARM.Collect$$_printf_percent$$00000002  c_w.l(_printf_p.o)
    0x0800016c   0x00000006   Code   RO         4148    .ARM.Collect$$_printf_percent$$00000003  c_w.l(_printf_f.o)
    0x08000172   0x00000006   Code   RO         4149    .ARM.Collect$$_printf_percent$$00000004  c_w.l(_printf_e.o)
    0x08000178   0x00000006   Code   RO         4150    .ARM.Collect$$_printf_percent$$00000005  c_w.l(_printf_g.o)
    0x0800017e   0x00000006   Code   RO         4151    .ARM.Collect$$_printf_percent$$00000006  c_w.l(_printf_a.o)
    0x08000184   0x0000000a   Code   RO         4156    .ARM.Collect$$_printf_percent$$00000007  c_w.l(_printf_ll.o)
    0x0800018e   0x00000006   Code   RO         4145    .ARM.Collect$$_printf_percent$$00000008  c_w.l(_printf_i.o)
    0x08000194   0x00000006   Code   RO         4146    .ARM.Collect$$_printf_percent$$00000009  c_w.l(_printf_d.o)
    0x0800019a   0x00000006   Code   RO         4147    .ARM.Collect$$_printf_percent$$0000000A  c_w.l(_printf_u.o)
    0x080001a0   0x00000006   Code   RO         4144    .ARM.Collect$$_printf_percent$$0000000B  c_w.l(_printf_o.o)
    0x080001a6   0x00000006   Code   RO         4143    .ARM.Collect$$_printf_percent$$0000000C  c_w.l(_printf_x.o)
    0x080001ac   0x00000006   Code   RO         4153    .ARM.Collect$$_printf_percent$$0000000D  c_w.l(_printf_lli.o)
    0x080001b2   0x00000006   Code   RO         4154    .ARM.Collect$$_printf_percent$$0000000E  c_w.l(_printf_lld.o)
    0x080001b8   0x00000006   Code   RO         4155    .ARM.Collect$$_printf_percent$$0000000F  c_w.l(_printf_llu.o)
    0x080001be   0x00000006   Code   RO         4160    .ARM.Collect$$_printf_percent$$00000010  c_w.l(_printf_llo.o)
    0x080001c4   0x00000006   Code   RO         4161    .ARM.Collect$$_printf_percent$$00000011  c_w.l(_printf_llx.o)
    0x080001ca   0x0000000a   Code   RO         4157    .ARM.Collect$$_printf_percent$$00000012  c_w.l(_printf_l.o)
    0x080001d4   0x00000006   Code   RO         4140    .ARM.Collect$$_printf_percent$$00000013  c_w.l(_printf_c.o)
    0x080001da   0x00000006   Code   RO         4141    .ARM.Collect$$_printf_percent$$00000014  c_w.l(_printf_s.o)
    0x080001e0   0x00000006   Code   RO         4158    .ARM.Collect$$_printf_percent$$00000015  c_w.l(_printf_lc.o)
    0x080001e6   0x00000006   Code   RO         4159    .ARM.Collect$$_printf_percent$$00000016  c_w.l(_printf_ls.o)
    0x080001ec   0x00000004   Code   RO         4152    .ARM.Collect$$_printf_percent$$00000017  c_w.l(_printf_percent_end.o)
    0x080001f0   0x00000002   Code   RO         4493    .ARM.Collect$$libinit$$00000000  c_w.l(libinit.o)
    0x080001f2   0x00000000   Code   RO         4210    .ARM.Collect$$libinit$$00000002  c_w.l(libinit2.o)
    0x080001f2   0x00000000   Code   RO         4212    .ARM.Collect$$libinit$$00000004  c_w.l(libinit2.o)
    0x080001f2   0x00000008   Code   RO         4213    .ARM.Collect$$libinit$$00000005  c_w.l(libinit2.o)
    0x080001fa   0x00000000   Code   RO         4215    .ARM.Collect$$libinit$$0000000A  c_w.l(libinit2.o)
    0x080001fa   0x00000000   Code   RO         4217    .ARM.Collect$$libinit$$0000000C  c_w.l(libinit2.o)
    0x080001fa   0x00000000   Code   RO         4219    .ARM.Collect$$libinit$$0000000E  c_w.l(libinit2.o)
    0x080001fa   0x00000006   Code   RO         4220    .ARM.Collect$$libinit$$0000000F  c_w.l(libinit2.o)
    0x08000200   0x00000000   Code   RO         4222    .ARM.Collect$$libinit$$00000011  c_w.l(libinit2.o)
    0x08000200   0x0000000c   Code   RO         4223    .ARM.Collect$$libinit$$00000012  c_w.l(libinit2.o)
    0x0800020c   0x00000000   Code   RO         4224    .ARM.Collect$$libinit$$00000013  c_w.l(libinit2.o)
    0x0800020c   0x00000000   Code   RO         4226    .ARM.Collect$$libinit$$00000015  c_w.l(libinit2.o)
    0x0800020c   0x0000000a   Code   RO         4227    .ARM.Collect$$libinit$$00000016  c_w.l(libinit2.o)
    0x08000216   0x00000000   Code   RO         4228    .ARM.Collect$$libinit$$00000017  c_w.l(libinit2.o)
    0x08000216   0x00000000   Code   RO         4230    .ARM.Collect$$libinit$$00000019  c_w.l(libinit2.o)
    0x08000216   0x00000000   Code   RO         4232    .ARM.Collect$$libinit$$0000001B  c_w.l(libinit2.o)
    0x08000216   0x00000000   Code   RO         4234    .ARM.Collect$$libinit$$0000001D  c_w.l(libinit2.o)
    0x08000216   0x00000000   Code   RO         4236    .ARM.Collect$$libinit$$0000001F  c_w.l(libinit2.o)
    0x08000216   0x00000000   Code   RO         4238    .ARM.Collect$$libinit$$00000021  c_w.l(libinit2.o)
    0x08000216   0x00000000   Code   RO         4240    .ARM.Collect$$libinit$$00000023  c_w.l(libinit2.o)
    0x08000216   0x00000004   Code   RO         4241    .ARM.Collect$$libinit$$00000024  c_w.l(libinit2.o)
    0x0800021a   0x00000000   Code   RO         4242    .ARM.Collect$$libinit$$00000025  c_w.l(libinit2.o)
    0x0800021a   0x00000000   Code   RO         4246    .ARM.Collect$$libinit$$0000002C  c_w.l(libinit2.o)
    0x0800021a   0x00000000   Code   RO         4248    .ARM.Collect$$libinit$$0000002E  c_w.l(libinit2.o)
    0x0800021a   0x00000000   Code   RO         4250    .ARM.Collect$$libinit$$00000030  c_w.l(libinit2.o)
    0x0800021a   0x00000004   Code   RO         4251    .ARM.Collect$$libinit$$00000031  c_w.l(libinit2.o)
    0x0800021e   0x00000000   Code   RO         4252    .ARM.Collect$$libinit$$00000032  c_w.l(libinit2.o)
    0x0800021e   0x00000002   Code   RO         4253    .ARM.Collect$$libinit$$00000033  c_w.l(libinit2.o)
    0x08000220   0x00000000   Code   RO         4395    .ARM.Collect$$libshutdown$$00000004  c_w.l(libshutdown2.o)
    0x08000220   0x00000000   Code   RO         4083    .ARM.Collect$$rtentry$$00000000  c_w.l(__rtentry.o)
    0x08000220   0x00000000   Code   RO         4292    .ARM.Collect$$rtentry$$00000002  c_w.l(__rtentry2.o)
    0x08000220   0x00000006   Code   RO         4304    .ARM.Collect$$rtentry$$00000004  c_w.l(__rtentry4.o)
    0x08000226   0x00000008   Code   RO         4293    .ARM.Collect$$rtentry$$00000008  c_w.l(__rtentry2.o)
    0x0800022e   0x00000004   Code   RO         4295    .ARM.Collect$$rtentry$$0000000A  c_w.l(__rtentry2.o)
    0x08000232   0x00000000   Code   RO         4297    .ARM.Collect$$rtentry$$0000000C  c_w.l(__rtentry2.o)
    0x08000232   0x00000008   Code   RO         4298    .ARM.Collect$$rtentry$$0000000D  c_w.l(__rtentry2.o)
    0x0800023a   0x00000002   PAD
    0x0800023c   0x00000000   Code   RO         4310    .emb_text           c_w.l(maybetermalloc1.o)
    0x0800023c   0x00000024   Code   RO          597    .text               startup_stm32f103xb.o
    0x08000260   0x00000008   Code   RO         3757    .text               c_w.l(rt_errno_addr.o)
    0x08000268   0x0000005e   Code   RO         3766    .text               c_w.l(h1_alloc.o)
    0x080002c6   0x0000004e   Code   RO         3768    .text               c_w.l(h1_free.o)
    0x08000314   0x00000034   Code   RO         3826    .text               c_w.l(vsnprintf.o)
    0x08000348   0x0000000a   Code   RO         3828    .text               c_w.l(c89vfprintf.o)
    0x08000352   0x00000002   PAD
    0x08000354   0x0000002c   Code   RO         3830    .text               c_w.l(__2sprintf.o)
    0x08000380   0x00000094   Code   RO         3854    .text               c_w.l(_printf_hex_int_ll_ptr.o)
    0x08000414   0x00000188   Code   RO         3874    .text               c_w.l(__printf_flags_ss_wp.o)
    0x0800059c   0x0000003c   Code   RO         3881    .text               c_w.l(__0sscanf.o)
    0x080005d8   0x0000014c   Code   RO         3883    .text               c_w.l(_scanf_int.o)
    0x08000724   0x00000064   Code   RO         3885    .text               c_w.l(fflush.o)
    0x08000788   0x0000004a   Code   RO         3891    .text               c_w.l(fgets.o)
    0x080007d2   0x00000002   PAD
    0x080007d4   0x000000ec   Code   RO         3899    .text               c_w.l(fopen.o)
    0x080008c0   0x00000014   Code   RO         3901    .text               c_w.l(setbuf.o)
    0x080008d4   0x0000004c   Code   RO         3909    .text               c_w.l(fclose.o)
    0x08000920   0x0000003e   Code   RO         3921    .text               c_w.l(strlen.o)
    0x0800095e   0x00000096   Code   RO         3923    .text               c_w.l(strncmp.o)
    0x080009f4   0x00000064   Code   RO         3925    .text               c_w.l(rt_memcpy_w.o)
    0x08000a58   0x0000004e   Code   RO         3929    .text               c_w.l(rt_memclr_w.o)
    0x08000aa6   0x00000002   PAD
    0x08000aa8   0x00000080   Code   RO         3931    .text               c_w.l(strcmpv7m.o)
    0x08000b28   0x00000024   Code   RO         3938    .text               c_w.l(init_aeabi.o)
    0x08000b4c   0x00000022   Code   RO         4053    .text               cpprt_w.l(aeabi_vec_dtor_noexceptions.o)
    0x08000b6e   0x00000002   PAD
    0x08000b70   0x00000008   Code   RO         4084    .text               c_w.l(rt_heap_descriptor.o)
    0x08000b78   0x00000004   Code   RO         4089    .text               c_w.l(hguard.o)
    0x08000b7c   0x0000008a   Code   RO         4091    .text               c_w.l(init_alloc.o)
    0x08000c06   0x0000000e   Code   RO         4095    .text               c_w.l(h1_init.o)
    0x08000c14   0x0000004e   Code   RO         4109    .text               c_w.l(_printf_pad.o)
    0x08000c62   0x00000024   Code   RO         4111    .text               c_w.l(_printf_truncate.o)
    0x08000c86   0x00000052   Code   RO         4113    .text               c_w.l(_printf_str.o)
    0x08000cd8   0x000000b2   Code   RO         4115    .text               c_w.l(_printf_intcommon.o)
    0x08000d8a   0x00000002   PAD
    0x08000d8c   0x00000078   Code   RO         4117    .text               c_w.l(_printf_dec.o)
    0x08000e04   0x00000028   Code   RO         4119    .text               c_w.l(_printf_charcount.o)
    0x08000e2c   0x00000030   Code   RO         4121    .text               c_w.l(_printf_char_common.o)
    0x08000e5c   0x0000000a   Code   RO         4123    .text               c_w.l(_sputc.o)
    0x08000e66   0x00000010   Code   RO         4125    .text               c_w.l(_snputc.o)
    0x08000e76   0x00000002   PAD
    0x08000e78   0x00000024   Code   RO         4127    .text               c_w.l(_printf_char_file.o)
    0x08000e9c   0x000000bc   Code   RO         4129    .text               c_w.l(_printf_wctomb.o)
    0x08000f58   0x0000007c   Code   RO         4132    .text               c_w.l(_printf_longlong_dec.o)
    0x08000fd4   0x00000070   Code   RO         4138    .text               c_w.l(_printf_oct_int_ll.o)
    0x08001044   0x0000001c   Code   RO         4162    .text               c_w.l(_chval.o)
    0x08001060   0x0000002c   Code   RO         4168    .text               c_w.l(scanf_char.o)
    0x0800108c   0x00000040   Code   RO         4170    .text               c_w.l(_sgetc.o)
    0x080010cc   0x00000008   Code   RO         4180    .text               c_w.l(ferror.o)
    0x080010d4   0x0000023a   Code   RO         4182    .text               c_w.l(filbuf.o)
    0x0800130e   0x000001d6   Code   RO         4184    .text               c_w.l(flsbuf.o)
    0x080014e4   0x000000f8   Code   RO         4186    .text               c_w.l(fseek.o)
    0x080015dc   0x00000046   Code   RO         4188    .text               c_w.l(setvbuf.o)
    0x08001622   0x00000002   PAD
    0x08001624   0x000000f0   Code   RO         4190    .text               c_w.l(stdio.o)
    0x08001714   0x00000138   Code   RO         4193    .text               c_w.l(initio.o)
    0x0800184c   0x0000000e   Code   RO         4201    .text               c_w.l(defsig_pvfn_outer.o)
    0x0800185a   0x00000034   Code   RO         4312    .text               c_w.l(h1_extend.o)
    0x0800188e   0x0000008a   Code   RO         4316    .text               c_w.l(lludiv10.o)
    0x08001918   0x00000012   Code   RO         4318    .text               c_w.l(isspace.o)
    0x0800192a   0x0000041a   Code   RO         4320    .text               c_w.l(_printf_fp_dec.o)
    0x08001d44   0x000002fc   Code   RO         4322    .text               c_w.l(_printf_fp_hex.o)
    0x08002040   0x0000002c   Code   RO         4327    .text               c_w.l(_printf_char.o)
    0x0800206c   0x0000002c   Code   RO         4331    .text               c_w.l(_printf_wchar.o)
    0x08002098   0x00000374   Code   RO         4333    .text               c_w.l(_scanf.o)
    0x0800240c   0x00000042   Code   RO         4343    .text               c_w.l(ftell.o)
    0x0800244e   0x00000002   PAD
    0x08002450   0x00000038   Code   RO         4351    .text               c_w.l(flushlinebuffered.o)
    0x08002488   0x00000040   Code   RO         4369    .text               c_w.l(_wcrtomb.o)
    0x080024c8   0x0000000a   Code   RO         4371    .text               c_w.l(defsig_exit.o)
    0x080024d2   0x0000000e   Code   RO         4373    .text               c_w.l(defsig_rtred_outer.o)
    0x080024e0   0x0000000e   Code   RO         4377    .text               c_w.l(defsig_rtmem_outer.o)
    0x080024ee   0x00000002   PAD
    0x080024f0   0x00000030   Code   RO         4381    .text               c_w.l(defsig_pvfn_inner.o)
    0x08002520   0x00000050   Code   RO         4385    .text               c_w.l(heapauxa.o)
    0x08002570   0x0000000c   Code   RO         4426    .text               c_w.l(sys_exit.o)
    0x0800257c   0x00000010   Code   RO         4428    .text               c_w.l(rt_ctype_table.o)
    0x0800258c   0x00000008   Code   RO         4430    .text               c_w.l(rt_locale.o)
    0x08002594   0x00000080   Code   RO         4442    .text               c_w.l(_printf_fp_infnan.o)
    0x08002614   0x000000dc   Code   RO         4444    .text               c_w.l(bigflt0.o)
    0x080026f0   0x00000032   Code   RO         4478    .text               c_w.l(defsig_general.o)
    0x08002722   0x00000002   PAD
    0x08002724   0x00000034   Code   RO         4480    .text               c_w.l(defsig_rtred_inner.o)
    0x08002758   0x00000050   Code   RO         4482    .text               c_w.l(defsig_rtmem_inner.o)
    0x080027a8   0x0000000e   Code   RO         4523    .text               c_w.l(sys_wrch.o)
    0x080027b6   0x00000002   Code   RO         4525    .text               c_w.l(use_no_semi.o)
    0x080027b8   0x00000000   Code   RO         4527    .text               c_w.l(indicate_semi.o)
    0x080027b8   0x0000003e   Code   RO         4447    CL$$btod_d2e        c_w.l(btod.o)
    0x080027f6   0x00000046   Code   RO         4449    CL$$btod_d2e_denorm_low  c_w.l(btod.o)
    0x0800283c   0x00000060   Code   RO         4448    CL$$btod_d2e_norm_op1  c_w.l(btod.o)
    0x0800289c   0x00000338   Code   RO         4457    CL$$btod_div_common  c_w.l(btod.o)
    0x08002bd4   0x000000c6   Code   RO         4454    CL$$btod_e2e        c_w.l(btod.o)
    0x08002c9a   0x00000028   Code   RO         4451    CL$$btod_ediv       c_w.l(btod.o)
    0x08002cc2   0x00000028   Code   RO         4450    CL$$btod_emul       c_w.l(btod.o)
    0x08002cea   0x00000244   Code   RO         4456    CL$$btod_mult_common  c_w.l(btod.o)
    0x08002f2e   0x0000000e   Code   RO          385    i.$Sub$$main        mbed_sdk_boot.o
    0x08002f3c   0x00000006   Code   RO         3313    i.<Func3>           mbed.ar(SerialBase.o)
    0x08002f42   0x00000002   PAD
    0x08002f44   0x0000000c   Code   RO           21    i.CAN1_SCE_IRQHandler  can_api.o
    0x08002f50   0x000000a8   Code   RO          858    i.HAL_DMA_Abort_IT  stm32f1xx_hal_dma.o
    0x08002ff8   0x0000000c   Code   RO          613    i.HAL_GetTick       stm32f1xx_hal.o
    0x08003004   0x00000010   Code   RO          615    i.HAL_IncTick       stm32f1xx_hal.o
    0x08003014   0x00000024   Code   RO          616    i.HAL_Init          stm32f1xx_hal.o
    0x08003038   0x000000c8   Code   RO          128    i.HAL_InitTick      hal_tick_16b.o
    0x08003100   0x00000002   Code   RO          619    i.HAL_MspInit       stm32f1xx_hal.o
    0x08003102   0x00000002   PAD
    0x08003104   0x00000024   Code   RO          798    i.HAL_NVIC_SetPriorityGrouping  stm32f1xx_hal_cortex.o
    0x08003128   0x000001e0   Code   RO         1351    i.HAL_RCC_ClockConfig  stm32f1xx_hal_rcc.o
    0x08003308   0x00000020   Code   RO         1358    i.HAL_RCC_GetPCLK1Freq  stm32f1xx_hal_rcc.o
    0x08003328   0x00000020   Code   RO         1359    i.HAL_RCC_GetPCLK2Freq  stm32f1xx_hal_rcc.o
    0x08003348   0x00000074   Code   RO         1360    i.HAL_RCC_GetSysClockFreq  stm32f1xx_hal_rcc.o
    0x080033bc   0x000003a0   Code   RO         1363    i.HAL_RCC_OscConfig  stm32f1xx_hal_rcc.o
    0x0800375c   0x00000036   Code   RO         1693    i.HAL_TIM_Base_Init  stm32f1xx_hal_tim.o
    0x08003792   0x00000002   Code   RO         1695    i.HAL_TIM_Base_MspInit  stm32f1xx_hal_tim.o
    0x08003794   0x0000001a   Code   RO         1696    i.HAL_TIM_Base_Start  stm32f1xx_hal_tim.o
    0x080037ae   0x00000026   Code   RO         1721    i.HAL_TIM_GenerateEvent  stm32f1xx_hal_tim.o
    0x080037d4   0x00000036   Code   RO         1743    i.HAL_TIM_OC_Start  stm32f1xx_hal_tim.o
    0x0800380a   0x00000030   Code   RO          526    i.HAL_UART_ErrorCallback  serial_device.o
    0x0800383a   0x00000002   PAD
    0x0800383c   0x000002ac   Code   RO         1989    i.HAL_UART_IRQHandler  stm32f1xx_hal_uart.o
    0x08003ae8   0x00000062   Code   RO         1990    i.HAL_UART_Init     stm32f1xx_hal_uart.o
    0x08003b4a   0x00000002   Code   RO         1992    i.HAL_UART_MspInit  stm32f1xx_hal_uart.o
    0x08003b4c   0x00000002   Code   RO         1996    i.HAL_UART_RxCpltCallback  stm32f1xx_hal_uart.o
    0x08003b4e   0x00000012   Code   RO          527    i.HAL_UART_TxCpltCallback  serial_device.o
    0x08003b60   0x000000c4   Code   RO         2308    i.SetSysClock       system_stm32f1xx.o
    0x08003c24   0x000000b8   Code   RO           69    i.Set_GPIO_Clock    gpio_api.o
    0x08003cdc   0x00000070   Code   RO         2311    i.SystemCoreClockUpdate  system_stm32f1xx.o
    0x08003d4c   0x00000048   Code   RO         2312    i.SystemInit        system_stm32f1xx.o
    0x08003d94   0x00000078   Code   RO         1777    i.TIM_Base_SetConfig  stm32f1xx_hal_tim.o
    0x08003e0c   0x00000010   Code   RO         2003    i.UART_DMAAbortOnError  stm32f1xx_hal_uart.o
    0x08003e1c   0x000001b4   Code   RO         2013    i.UART_SetConfig    stm32f1xx_hal_uart.o
    0x08003fd0   0x0000000c   Code   RO           22    i.USB_HP_CAN1_TX_IRQHandler  can_api.o
    0x08003fdc   0x0000000c   Code   RO           23    i.USB_LP_CAN1_RX0_IRQHandler  can_api.o
    0x08003fe8   0x00000034   Code   RO         3721    i._ZN4mbed10FileHandle4sizeEv  mbed.ar(FileHandle.o)
    0x0800401c   0x00000004   Code   RO         3742    i._ZN4mbed10FileHandle6isattyEv  mbed.ar(FileHandle.o)
    0x08004020   0x00000006   Code   RO         3314    i._ZN4mbed10SerialBase10_base_getcEv  mbed.ar(SerialBase.o)
    0x08004026   0x0000000e   Code   RO         3315    i._ZN4mbed10SerialBase10_base_putcEi  mbed.ar(SerialBase.o)
    0x08004034   0x00000030   Code   RO         3321    i._ZN4mbed10SerialBase12_irq_handlerEj9SerialIrq  mbed.ar(SerialBase.o)
    0x08004064   0x0000003e   Code   RO         3325    i._ZN4mbed10SerialBase24interrupt_handler_asynchEv  mbed.ar(SerialBase.o)
    0x080040a2   0x00000028   Code   RO         3326    i._ZN4mbed10SerialBase4baudEi  mbed.ar(SerialBase.o)
    0x080040ca   0x00000002   Code   RO         3327    i._ZN4mbed10SerialBase4lockEv  mbed.ar(SerialBase.o)
    0x080040cc   0x00000030   Code   RO         3333    i._ZN4mbed10SerialBase6formatEiNS0_6ParityEi  mbed.ar(SerialBase.o)
    0x080040fc   0x00000002   Code   RO         3334    i._ZN4mbed10SerialBase6unlockEv  mbed.ar(SerialBase.o)
    0x080040fe   0x00000002   PAD
    0x08004100   0x00000100   Code   RO         3337    i._ZN4mbed10SerialBaseC1E7PinNameS1_i  mbed.ar(SerialBase.o)
    0x08004200   0x0000003c   Code   RO          251    i._ZN4mbed11mbed_fdopenEPNS_10FileHandleEPKc  mbed_retarget.o
    0x0800423c   0x00000070   Code   RO          252    i._ZN4mbed17remove_filehandleEPNS_10FileHandleE  mbed_retarget.o
    0x080042ac   0x00000006   Code   RO          253    i._ZN4mbed26mbed_set_unbuffered_streamEPSt6__FILE  mbed_retarget.o
    0x080042b2   0x00000002   Code   RO         3230    i._ZN4mbed6Serial4lockEv  mbed.ar(Serial.o)
    0x080042b4   0x00000002   Code   RO         3233    i._ZN4mbed6Serial6unlockEv  mbed.ar(Serial.o)
    0x080042b6   0x00000002   PAD
    0x080042b8   0x0000002c   Code   RO         3234    i._ZN4mbed6SerialC1E7PinNameS1_PKci  mbed.ar(Serial.o)
    0x080042e4   0x00000058   Code   RO         3266    i._ZN4mbed6SerialD1Ev  mbed.ar(Serial.o)
    0x0800433c   0x0000002e   Code   RO         3506    i._ZN4mbed6Stream4getsEPci  mbed.ar(Stream.o)
    0x0800436a   0x00000002   Code   RO         3586    i._ZN4mbed6Stream4lockEv  mbed.ar(Stream.o)
    0x0800436c   0x0000002a   Code   RO         3507    i._ZN4mbed6Stream4putcEi  mbed.ar(Stream.o)
    0x08004396   0x0000003c   Code   RO         3509    i._ZN4mbed6Stream4readEPvj  mbed.ar(Stream.o)
    0x080043d2   0x00000004   Code   RO         3510    i._ZN4mbed6Stream4seekEli  mbed.ar(Stream.o)
    0x080043d6   0x00000004   Code   RO         3511    i._ZN4mbed6Stream4sizeEv  mbed.ar(Stream.o)
    0x080043da   0x00000004   Code   RO         3514    i._ZN4mbed6Stream5closeEv  mbed.ar(Stream.o)
    0x080043de   0x0000003c   Code   RO         3516    i._ZN4mbed6Stream5writeEPKvj  mbed.ar(Stream.o)
    0x0800441a   0x00000004   Code   RO         3517    i._ZN4mbed6Stream6isattyEv  mbed.ar(Stream.o)
    0x0800441e   0x00000032   Code   RO         3518    i._ZN4mbed6Stream6printfEPKcz  mbed.ar(Stream.o)
    0x08004450   0x00000002   Code   RO         3589    i._ZN4mbed6Stream6unlockEv  mbed.ar(Stream.o)
    0x08004452   0x00000002   PAD
    0x08004454   0x00000070   Code   RO         3522    i._ZN4mbed6StreamC2EPKc  mbed.ar(Stream.o)
    0x080044c4   0x00000020   Code   RO         3524    i._ZN4mbed6StreamD2Ev  mbed.ar(Stream.o)
    0x080044e4   0x00000004   Code   RO         3722    i._ZN4mbed6fdopenEPNS_10FileHandleEPKc  mbed.ar(FileHandle.o)
    0x080044e8   0x00000004   Code   RO         3686    i._ZN4mbed8FileBase11getPathTypeEv  mbed.ar(FileBase.o)
    0x080044ec   0x0000006c   Code   RO         3688    i._ZN4mbed8FileBase6lookupEPKcj  mbed.ar(FileBase.o)
    0x08004558   0x00000040   Code   RO         3690    i._ZN4mbed8FileBaseC1EPKcNS_8PathTypeE  mbed.ar(FileBase.o)
    0x08004598   0x00000054   Code   RO         3692    i._ZN4mbed8FileBaseD1Ev  mbed.ar(FileBase.o)
    0x080045ec   0x0000001e   Code   RO         3463    i._ZN4mbed8FilePath10fileSystemEv  mbed.ar(FilePath.o)
    0x0800460a   0x0000001c   Code   RO         3465    i._ZN4mbed8FilePath4fileEv  mbed.ar(FilePath.o)
    0x08004626   0x0000000a   Code   RO         3466    i._ZN4mbed8FilePath6existsEv  mbed.ar(FilePath.o)
    0x08004630   0x00000018   Code   RO         3467    i._ZN4mbed8FilePath6isFileEv  mbed.ar(FilePath.o)
    0x08004648   0x00000004   Code   RO         3468    i._ZN4mbed8FilePath8fileNameEv  mbed.ar(FilePath.o)
    0x0800464c   0x00000040   Code   RO         3469    i._ZN4mbed8FilePathC1EPKc  mbed.ar(FilePath.o)
    0x0800468c   0x00000002   Code   RO         3338    i._ZN4mbed9donothingEv  mbed.ar(SerialBase.o)
    0x0800468e   0x00000004   Code   RO          255    i._ZN4mbed9mbed_getsEPciPSt6__FILE  mbed_retarget.o
    0x08004692   0x00000002   Code   RO         3236    i._ZThn188_N4mbed6Serial4lockEv  mbed.ar(Serial.o)
    0x08004694   0x00000006   Code   RO         3237    i._ZThn188_N4mbed6Serial5_getcEv  mbed.ar(Serial.o)
    0x0800469a   0x00000006   Code   RO         3238    i._ZThn188_N4mbed6Serial5_putcEi  mbed.ar(Serial.o)
    0x080046a0   0x00000002   Code   RO         3239    i._ZThn188_N4mbed6Serial6unlockEv  mbed.ar(Serial.o)
    0x080046a2   0x00000028   Code   RO         4515    i.__ARM_fpclassify  m_ws.l(fpclassify.o)
    0x080046ca   0x00000004   Code   RO          260    i.__aeabi_atexit    mbed_retarget.o
    0x080046ce   0x00000024   Code   RO         4050    i.__aeabi_vec_ctor_nocookie_nodtor  cpprt_w.l(aeabi_vec_ctor_nocookie_nodtor.o)
    0x080046f2   0x00000006   Code   RO         3941    i.__cxa_pure_virtual  cpprt_w.l(pure_virt.o)
    0x080046f8   0x0000004c   Code   RO         2871    i.__sti___8_main_cpp_pc  main.o
    0x08004744   0x00000010   Code   RO         2302    i.__user_setup_stackheap  sys.o
    0x08004754   0x0000000e   Code   RO         3867    i._is_digit         c_w.l(__printf_wp.o)
    0x08004762   0x00000002   PAD
    0x08004764   0x0000001c   Code   RO          386    i._platform_post_stackheap_init  mbed_sdk_boot.o
    0x08004780   0x0000004c   Code   RO          263    i._sys_close        mbed_retarget.o
    0x080047cc   0x0000004c   Code   RO          266    i._sys_flen         mbed_retarget.o
    0x08004818   0x00000040   Code   RO          267    i._sys_istty        mbed_retarget.o
    0x08004858   0x00000214   Code   RO          268    i._sys_open         mbed_retarget.o
    0x08004a6c   0x00000070   Code   RO          269    i._sys_read         mbed_retarget.o
    0x08004adc   0x00000050   Code   RO          270    i._sys_seek         mbed_retarget.o
    0x08004b2c   0x0000007c   Code   RO          271    i._sys_write        mbed_retarget.o
    0x08004ba8   0x00000128   Code   RO           29    i.can_irq           can_api.o
    0x08004cd0   0x0000008c   Code   RO         3612    i.core_util_critical_section_enter  mbed.ar(mbed_critical.o)
    0x08004d5c   0x00000058   Code   RO         3613    i.core_util_critical_section_exit  mbed.ar(mbed_critical.o)
    0x08004db4   0x00000028   Code   RO         3639    i.error             mbed.ar(mbed_error.o)
    0x08004ddc   0x00000020   Code   RO          273    i.exit              mbed_retarget.o
    0x08004dfc   0x00000018   Code   RO         3888    i.fgetc             c_w.l(fgetc.o)
    0x08004e14   0x0000001a   Code   RO         3894    i.fputc             c_w.l(fputc.o)
    0x08004e2e   0x00000002   PAD
    0x08004e30   0x00000080   Code   RO          507    i.init_uart         serial_api.o
    0x08004eb0   0x00000188   Code   RO         2872    i.main              main.o
    0x08005038   0x00000054   Code   RO         3490    i.mbed_assert_internal  mbed.ar(mbed_assert.o)
    0x0800508c   0x00000012   Code   RO          231    i.mbed_die          mbed_board.o
    0x0800509e   0x00000002   PAD
    0x080050a0   0x00000054   Code   RO          232    i.mbed_error_printf  mbed_board.o
    0x080050f4   0x00000050   Code   RO          233    i.mbed_error_vfprintf  mbed_board.o
    0x08005144   0x00000002   Code   RO          388    i.mbed_main         mbed_sdk_boot.o
    0x08005146   0x00000016   Code   RO          243    i.mbed_sdk_init     mbed_overrides.o
    0x0800515c   0x00000240   Code   RO          423    i.pin_function      pinmap.o
    0x0800539c   0x00000108   Code   RO          424    i.pin_mode          pinmap.o
    0x080054a4   0x0000003c   Code   RO         3435    i.pinmap_merge      mbed.ar(mbed_pinmap_common.o)
    0x080054e0   0x00000060   Code   RO         3436    i.pinmap_peripheral  mbed.ar(mbed_pinmap_common.o)
    0x08005540   0x0000005c   Code   RO         3437    i.pinmap_pinout     mbed.ar(mbed_pinmap_common.o)
    0x0800559c   0x0000004a   Code   RO         3660    i.schedule_interrupt  mbed.ar(mbed_ticker_api.o)
    0x080055e6   0x00000006   Code   RO          528    i.serial_baud       serial_device.o
    0x080055ec   0x000000dc   Code   RO          509    i.serial_format     serial_api.o
    0x080056c8   0x0000002c   Code   RO          532    i.serial_getc       serial_device.o
    0x080056f4   0x00000164   Code   RO          533    i.serial_init       serial_device.o
    0x08005858   0x00000018   Code   RO          534    i.serial_irq_handler  serial_device.o
    0x08005870   0x0000015c   Code   RO          535    i.serial_irq_handler_asynch  serial_device.o
    0x080059cc   0x00000034   Code   RO          537    i.serial_putc       serial_device.o
    0x08005a00   0x00000028   Code   RO          511    i.serial_readable   serial_api.o
    0x08005a28   0x00000018   Code   RO          512    i.serial_writable   serial_api.o
    0x08005a40   0x000000f8   Code   RO          425    i.stm_pin_PullConfig  pinmap.o
    0x08005b38   0x0000005c   Code   RO         3664    i.ticker_irq_handler  mbed.ar(mbed_ticker_api.o)
    0x08005b94   0x000000a0   Code   RO          131    i.timer_irq_handler  hal_tick_16b.o
    0x08005c34   0x00000028   Code   RO         3669    i.update_present_time  mbed.ar(mbed_ticker_api.o)
    0x08005c5c   0x00000018   Code   RO         2327    i.us_ticker_clear_interrupt  us_ticker_16b.o
    0x08005c74   0x00000018   Code   RO         2328    i.us_ticker_disable_interrupt  us_ticker_16b.o
    0x08005c8c   0x00000028   Code   RO         2329    i.us_ticker_init    us_ticker_16b.o
    0x08005cb4   0x0000000c   Code   RO         3451    i.us_ticker_irq_handler  mbed.ar(mbed_us_ticker_api.o)
    0x08005cc0   0x00000060   Code   RO         2330    i.us_ticker_read    us_ticker_16b.o
    0x08005d20   0x000000a8   Code   RO         2331    i.us_ticker_set_interrupt  us_ticker_16b.o
    0x08005dc8   0x00000024   Code   RO         3648    i.wait              mbed.ar(mbed_wait_api_no_rtos.o)
    0x08005dec   0x0000001c   Code   RO         3649    i.wait_ms           mbed.ar(mbed_wait_api_no_rtos.o)
    0x08005e08   0x0000002c   Code   RO         4472    locale$$code        c_w.l(lc_numeric_c.o)
    0x08005e34   0x0000002c   Code   RO         4539    locale$$code        c_w.l(lc_ctype_c.o)
    0x08005e60   0x0000002c   Code   RO         3713    t._ZN12SingletonPtrI13PlatformMutexEptEv  mbed.ar(FileBase.o)
    0x08005e8c   0x00000004   Code   RO         3420    t._ZN4mbed8CallbackIFvvEE13function_callIPS1_EEvPKv  mbed.ar(SerialBase.o)
    0x08005e90   0x00000002   Code   RO         3426    t._ZN4mbed8CallbackIFvvEE13function_dtorIPS1_EEvPv  mbed.ar(SerialBase.o)
    0x08005e92   0x0000000a   Code   RO         3423    t._ZN4mbed8CallbackIFvvEE13function_moveIPS1_EEvPvPKv  mbed.ar(SerialBase.o)
    0x08005e9c   0x00000012   Code   RO         3293    t._ZN4mbed8CallbackIFvvEED1Ev  mbed.ar(Serial.o)
    0x08005eae   0x00000036   Code   RO         3411    t._ZN6CThunkIN4mbed10SerialBaseEE10trampolineEPS1_PvPMS1_FvS4_E  mbed.ar(SerialBase.o)
    0x08005ee4   0x0000000c   Code   RO         4274    x$fpl$dretinf       fz_ws.l(dretinf.o)
    0x08005ef0   0x00000056   Code   RO         4056    x$fpl$f2d           fz_ws.l(f2d.o)
    0x08005f46   0x00000002   PAD
    0x08005f48   0x00000184   Code   RO         4059    x$fpl$fdiv          fz_ws.l(fdiv.o)
    0x080060cc   0x00000036   Code   RO         4062    x$fpl$ffix          fz_ws.l(ffix.o)
    0x08006102   0x00000002   PAD
    0x08006104   0x00000030   Code   RO         4071    x$fpl$fflt          fz_ws.l(fflt_clz.o)
    0x08006134   0x00000102   Code   RO         4076    x$fpl$fmul          fz_ws.l(fmul.o)
    0x08006236   0x0000008c   Code   RO         4276    x$fpl$fnaninf       fz_ws.l(fnaninf.o)
    0x080062c2   0x0000000a   Code   RO         4278    x$fpl$fretinf       fz_ws.l(fretinf.o)
    0x080062cc   0x00000004   Code   RO         4280    x$fpl$printf1       fz_ws.l(printf1.o)
    0x080062d0   0x00000004   Code   RO         4282    x$fpl$printf2       fz_ws.l(printf2.o)
    0x080062d4   0x00000000   Code   RO         4290    x$fpl$usenofp       fz_ws.l(usenofp.o)
    0x080062d4   0x00000017   Data   RO          320    .constdata          mbed_retarget.o
    0x080062eb   0x00000001   PAD
    0x080062ec   0x00000048   Data   RO          407    .constdata          PeripheralPins.o
    0x08006334   0x00000048   Data   RO          408    .constdata          PeripheralPins.o
    0x0800637c   0x00000040   Data   RO          426    .constdata          pinmap.o
    0x080063bc   0x00000010   Data   RO         2313    .constdata          system_stm32f1xx.o
    0x080063cc   0x00000008   Data   RO         2314    .constdata          system_stm32f1xx.o
    0x080063d4   0x00000010   Data   RO         3365    .constdata          mbed.ar(SerialBase.o)
    0x080063e4   0x00000014   Data   RO         3453    .constdata          mbed.ar(mbed_us_ticker_api.o)
    0x080063f8   0x00000008   Data   RO         3454    .constdata          mbed.ar(mbed_us_ticker_api.o)
    0x08006400   0x00000028   Data   RO         3855    .constdata          c_w.l(_printf_hex_int_ll_ptr.o)
    0x08006428   0x00000011   Data   RO         3875    .constdata          c_w.l(__printf_flags_ss_wp.o)
    0x08006439   0x00000003   PAD
    0x0800643c   0x00000008   Data   RO         4130    .constdata          c_w.l(_printf_wctomb.o)
    0x08006444   0x00000026   Data   RO         4323    .constdata          c_w.l(_printf_fp_hex.o)
    0x0800646a   0x00000002   PAD
    0x0800646c   0x00000094   Data   RO         4445    .constdata          c_w.l(bigflt0.o)
    0x08006500   0x0000004c   Data   RO         3732    .constdata__ZTVN4mbed10FileHandleE  mbed.ar(FileHandle.o)
    0x0800654c   0x00000018   Data   RO         3403    .constdata__ZTVN4mbed10SerialBaseE  mbed.ar(SerialBase.o)
    0x08006564   0x0000008c   Data   RO         3264    .constdata__ZTVN4mbed6SerialE  mbed.ar(Serial.o)
    0x080065f0   0x0000006c   Data   RO         3585    .constdata__ZTVN4mbed6StreamE  mbed.ar(Stream.o)
    0x0800665c   0x00000010   Data   RO         3712    .constdata__ZTVN4mbed8FileBaseE  mbed.ar(FileBase.o)
    0x0800666c   0x00000014   Data   RO          380    .constdata__ZZN12SingletonPtrI13PlatformMutexE3getEvEs  mbed_retarget.o
    0x08006680   0x00000058   Data   RO          381    .constdata__ZZN12SingletonPtrI13PlatformMutexE3getEvEs_0  mbed_retarget.o
    0x080066d8   0x0000000c   Data   RO         3418    .constdata__ZZN4mbed8CallbackIFvvEE8generateIPS1_EEvRKT_E3ops  mbed.ar(SerialBase.o)
    0x080066e4   0x00000005   Data   RO         3406    .constdata__ZZNK4mbed8CallbackIFvvEE4callEvEs  mbed.ar(SerialBase.o)
    0x080066e9   0x00000054   Data   RO         3407    .constdata__ZZNK4mbed8CallbackIFvvEE4callEvEs_0  mbed.ar(SerialBase.o)
    0x0800673d   0x00000003   PAD
    0x08006740   0x00000051   Data   RO          427    .conststring        pinmap.o
    0x08006791   0x00000003   PAD
    0x08006794   0x00000055   Data   RO          513    .conststring        serial_api.o
    0x080067e9   0x00000003   PAD
    0x080067ec   0x00000067   Data   RO          550    .conststring        serial_device.o
    0x08006853   0x00000001   PAD
    0x08006854   0x0000004e   Data   RO         3615    .conststring        mbed.ar(mbed_critical.o)
    0x080068a2   0x00000002   PAD
    0x080068a4   0x00000020   Data   RO         4626    Region$$Table       anon$$obj.o
    0x080068c4   0x0000001c   Data   RO         4471    locale$$data        c_w.l(lc_numeric_c.o)
    0x080068e0   0x00000110   Data   RO         4538    locale$$data        c_w.l(lc_ctype_c.o)
    0x080069f0   0x00000004   Data   RO         2876    .init_array         main.o
    0x080069f4   0x00000000   Data   RO         3936    .init_array         c_w.l(init_aeabi.o)


    Execution Region RW_IRAM1 (Base: 0x200000ec, Size: 0x00000624, Max: 0x00004f14, ABSOLUTE)

    Base Addr    Size         Type   Attr      Idx    E Section Name        Object

    0x200000ec   0x00000008   Data   RW           43    .data               can_api.o
    0x200000f4   0x00000004   Data   RW          132    .data               hal_tick_16b.o
    0x200000f8   0x00000008   Data   RW          323    .data               mbed_retarget.o
    0x20000100   0x00000008   Data   RW          551    .data               serial_device.o
    0x20000108   0x00000004   Data   RW          622    .data               stm32f1xx_hal.o
    0x2000010c   0x00000004   Data   RW         2315    .data               system_stm32f1xx.o
    0x20000110   0x0000000c   Data   RW         2333    .data               us_ticker_16b.o
    0x2000011c   0x00000008   Data   RW         3616    .data               mbed.ar(mbed_critical.o)
    0x20000124   0x00000001   Data   RW         3640    .data               mbed.ar(mbed_error.o)
    0x20000125   0x00000003   PAD
    0x20000128   0x0000000c   Data   RW         3700    .data               mbed.ar(FileBase.o)
    0x20000134   0x00000004   Data   RW         3906    .data               c_w.l(stdio_streams.o)
    0x20000138   0x00000004   Data   RW         3907    .data               c_w.l(stdio_streams.o)
    0x2000013c   0x00000004   Data   RW         3908    .data               c_w.l(stdio_streams.o)
    0x20000140   0x00000004   Data   RW         4386    .data               c_w.l(heapauxa.o)
    0x20000144   0x00000044   Zero   RW           40    .bss                can_api.o
    0x20000188   0x00000144   Zero   RW          319    .bss                mbed_retarget.o
    0x200002cc   0x00000118   Zero   RW          549    .bss                serial_device.o
    0x200003e4   0x00000040   Zero   RW         2332    .bss                us_ticker_16b.o
    0x20000424   0x000001b9   Zero   RW         2875    .bss                main.o
    0x200005dd   0x00000003   PAD
    0x200005e0   0x00000018   Zero   RW         3452    .bss                mbed.ar(mbed_us_ticker_api.o)
    0x200005f8   0x00000004   Zero   RW         3758    .bss                c_w.l(rt_errno_addr.o)
    0x200005fc   0x00000054   Zero   RW         3903    .bss                c_w.l(stdio_streams.o)
    0x20000650   0x00000054   Zero   RW         3904    .bss                c_w.l(stdio_streams.o)
    0x200006a4   0x00000054   Zero   RW         3905    .bss                c_w.l(stdio_streams.o)
    0x200006f8   0x00000004   Zero   RW         4085    .bss                c_w.l(rt_heap_descriptor.o)
    0x200006fc   0x00000014   Zero   RW         4431    .bss                c_w.l(rt_locale.o)


==============================================================================

Image component sizes


      Code (inc. data)   RO Data    RW Data    ZI Data      Debug   Object Name

         0          0        144          0          0          0   PeripheralPins.o
       332         32          0          8         68        304   can_api.o
       184         66          0          0          0         80   gpio_api.o
       360         56          0          4          0        160   hal_tick_16b.o
       468         64          4          0        441     399497   main.o
       182         18          0          0          0        256   mbed_board.o
        22          0          0          0          0         80   mbed_overrides.o
      1282        126        131          8        324       1056   mbed_retarget.o
        44          4          0          0          0        224   mbed_sdk_boot.o
      1088         84        145          0          0        312   pinmap.o
       412         80         85          0          0        320   serial_api.o
       896         80        103          8        280        632   serial_device.o
        36          8        236          0          0        228   startup_stm32f103xb.o
        66         16          0          4          0        280   stm32f1xx_hal.o
        36          6          0          0          0         68   stm32f1xx_hal_cortex.o
       168         28          0          0          0         76   stm32f1xx_hal_dma.o
      1588        108          0          0          0        428   stm32f1xx_hal_rcc.o
       294         14          0          0          0        428   stm32f1xx_hal_tim.o
      1238         10          0          0          0        468   stm32f1xx_hal_uart.o
        16          6          0          0          0         68   sys.o
         0          0          0          0          0       5996   sysclockconf.o
       380         34         24          4          0        244   system_stm32f1xx.o
       352         68          0         12         64        376   us_ticker_16b.o

    ----------------------------------------------------------------------
      9450        908        912         48       1180     411581   Object Totals
         0          0         32          0          0          0   (incl. Generated)
         6          0          8          0          3          0   (incl. Padding)

    ----------------------------------------------------------------------

      Code (inc. data)   RO Data    RW Data    ZI Data      Debug   Library Member Name

        60          8          0          0          0         84   __0sscanf.o
        44          6          0          0          0         84   __2sprintf.o
         8          0          0          0          0         68   __main.o
       392          4         17          0          0         92   __printf_flags_ss_wp.o
        14          0          0          0          0         68   __printf_wp.o
         0          0          0          0          0          0   __rtentry.o
        20          0          0          0          0          0   __rtentry2.o
         6          0          0          0          0          0   __rtentry4.o
        52          8          0          0          0          0   __scatter.o
        26          0          0          0          0          0   __scatter_copy.o
        28          0          0          0          0          0   __scatter_zi.o
        28          0          0          0          0         68   _chval.o
         6          0          0          0          0          0   _printf_a.o
         6          0          0          0          0          0   _printf_c.o
        44          0          0          0          0        108   _printf_char.o
        48          6          0          0          0         96   _printf_char_common.o
        36          4          0          0          0         80   _printf_char_file.o
        40          0          0          0          0         68   _printf_charcount.o
         6          0          0          0          0          0   _printf_d.o
       120         16          0          0          0         92   _printf_dec.o
         6          0          0          0          0          0   _printf_e.o
         6          0          0          0          0          0   _printf_f.o
      1050          0          0          0          0        216   _printf_fp_dec.o
       764          8         38          0          0        100   _printf_fp_hex.o
       128         16          0          0          0         84   _printf_fp_infnan.o
         6          0          0          0          0          0   _printf_g.o
       148          4         40          0          0        160   _printf_hex_int_ll_ptr.o
         6          0          0          0          0          0   _printf_i.o
       178          0          0          0          0         88   _printf_intcommon.o
        10          0          0          0          0          0   _printf_l.o
         6          0          0          0          0          0   _printf_lc.o
        10          0          0          0          0          0   _printf_ll.o
         6          0          0          0          0          0   _printf_lld.o
         6          0          0          0          0          0   _printf_lli.o
         6          0          0          0          0          0   _printf_llo.o
         6          0          0          0          0          0   _printf_llu.o
         6          0          0          0          0          0   _printf_llx.o
       124         16          0          0          0         92   _printf_longlong_dec.o
         6          0          0          0          0          0   _printf_ls.o
         6          0          0          0          0          0   _printf_n.o
         6          0          0          0          0          0   _printf_o.o
       112         10          0          0          0        124   _printf_oct_int_ll.o
         6          0          0          0          0          0   _printf_p.o
        78          0          0          0          0        108   _printf_pad.o
         0          0          0          0          0          0   _printf_percent.o
         4          0          0          0          0          0   _printf_percent_end.o
         6          0          0          0          0          0   _printf_s.o
        82          0          0          0          0         80   _printf_str.o
        36          0          0          0          0         84   _printf_truncate.o
         6          0          0          0          0          0   _printf_u.o
        44          0          0          0          0        108   _printf_wchar.o
       188          6          8          0          0         92   _printf_wctomb.o
         6          0          0          0          0          0   _printf_x.o
       884          6          0          0          0        100   _scanf.o
       332          0          0          0          0         96   _scanf_int.o
        64          0          0          0          0         84   _sgetc.o
        16          0          0          0          0         68   _snputc.o
        10          0          0          0          0         68   _sputc.o
        64          0          0          0          0         92   _wcrtomb.o
       220          4        148          0          0         96   bigflt0.o
      1910        128          0          0          0        672   btod.o
        10          0          0          0          0         68   c89vfprintf.o
        10          0          0          0          0         68   defsig_exit.o
        50          0          0          0          0         88   defsig_general.o
        48         34          0          0          0         76   defsig_pvfn_inner.o
        14          0          0          0          0         80   defsig_pvfn_outer.o
        80         58          0          0          0         76   defsig_rtmem_inner.o
        14          0          0          0          0         80   defsig_rtmem_outer.o
        52         38          0          0          0         76   defsig_rtred_inner.o
        14          0          0          0          0         80   defsig_rtred_outer.o
        76          0          0          0          0         88   fclose.o
         8          0          0          0          0         68   ferror.o
       100          4          0          0          0        120   fflush.o
        24          0          0          0          0         68   fgetc.o
        74          0          0          0          0         84   fgets.o
       570          0          0          0          0        132   filbuf.o
       470          0          0          0          0         88   flsbuf.o
        56          6          0          0          0         80   flushlinebuffered.o
       236          4          0          0          0        128   fopen.o
        26          0          0          0          0         68   fputc.o
       248          6          0          0          0         84   fseek.o
        66          0          0          0          0         76   ftell.o
        94          0          0          0          0         80   h1_alloc.o
        52          0          0          0          0         68   h1_extend.o
        78          0          0          0          0         80   h1_free.o
        14          0          0          0          0         84   h1_init.o
        80          6          0          4          0         96   heapauxa.o
         4          0          0          0          0        136   hguard.o
         0          0          0          0          0          0   indicate_semi.o
        36         10          0          0          0         80   init_aeabi.o
       138          0          0          0          0        168   init_alloc.o
       312         46          0          0          0        112   initio.o
        18          0          0          0          0         76   isspace.o
        44         10        272          0          0         76   lc_ctype_c.o
        44         10         28          0          0         76   lc_numeric_c.o
         2          0          0          0          0          0   libinit.o
        46          0          0          0          0          0   libinit2.o
         0          0          0          0          0          0   libshutdown2.o
       138          0          0          0          0         80   lludiv10.o
         0          0          0          0          0          0   maybetermalloc1.o
        16          4          0          0          0         76   rt_ctype_table.o
         8          4          0          0          4         68   rt_errno_addr.o
         8          4          0          0          4         68   rt_heap_descriptor.o
         8          4          0          0         20         68   rt_locale.o
        78          0          0          0          0         80   rt_memclr_w.o
       100          0          0          0          0         80   rt_memcpy_w.o
        44          8          0          0          0         84   scanf_char.o
        20          0          0          0          0         68   setbuf.o
        70          0          0          0          0         80   setvbuf.o
       240          6          0          0          0        156   stdio.o
         0          0          0         12        252          0   stdio_streams.o
       128          0          0          0          0         68   strcmpv7m.o
        62          0          0          0          0         76   strlen.o
       150          0          0          0          0         80   strncmp.o
        12          4          0          0          0         68   sys_exit.o
        14          0          0          0          0         76   sys_wrch.o
         2          0          0          0          0         68   use_no_semi.o
        52          4          0          0          0         80   vsnprintf.o
        36          0          0          0          0         84   aeabi_vec_ctor_nocookie_nodtor.o
        34          0          0          0          0         84   aeabi_vec_dtor_noexceptions.o
         6          0          0          0          0         68   pure_virt.o
        12          0          0          0          0         68   dretinf.o
        86          4          0          0          0         84   f2d.o
       388         76          0          0          0         96   fdiv.o
        54          4          0          0          0         84   ffix.o
        48          0          0          0          0         68   fflt_clz.o
       258          4          0          0          0         84   fmul.o
       140          4          0          0          0         84   fnaninf.o
        10          0          0          0          0         68   fretinf.o
         4          0          0          0          0         68   printf1.o
         4          0          0          0          0         68   printf2.o
         0          0          0          0          0          0   usenofp.o
        40          0          0          0          0         68   fpclassify.o
       304         52         16         12          0        380   FileBase.o
        60          0         76          0          0        216   FileHandle.o
       160          0          0          0          0        440   FilePath.o
       170         18        140          0          0        636   Serial.o
       556         40        141          0          0       1160   SerialBase.o
       422         50        108          0          0        976   Stream.o
        84         52          0          0          0         88   mbed_assert.o
       228         98         78          8          0        156   mbed_critical.o
        40          4          0          1          0         88   mbed_error.o
       248         76          0          0          0        240   mbed_pinmap_common.o
       206          0          0          0          0        256   mbed_ticker_api.o
        12          6         28          0         24         68   mbed_us_ticker_api.o
        64          4          0          0          0        160   mbed_wait_api_no_rtos.o

    ----------------------------------------------------------------------
     15614       1012       1148         40        304      13792   Library Totals
        40          0         10          3          0          0   (incl. Padding)

    ----------------------------------------------------------------------

      Code (inc. data)   RO Data    RW Data    ZI Data      Debug   Library Name

     11900        520        551         16        280       7852   c_w.l
        76          0          0          0          0        236   cpprt_w.l
      1004         92          0          0          0        772   fz_ws.l
        40          0          0          0          0         68   m_ws.l
      2554        400        587         21         24       4864   mbed.ar

    ----------------------------------------------------------------------
     15614       1012       1148         40        304      13792   Library Totals

    ----------------------------------------------------------------------

==============================================================================


      Code (inc. data)   RO Data    RW Data    ZI Data      Debug   

     25064       1920       2060         88       1484     413149   Grand Totals
     25064       1920       2060         88       1484     413149   ELF Image Totals
     25064       1920       2060         88          0          0   ROM Totals

==============================================================================

    Total RO  Size (Code + RO Data)                27124 (  26.49kB)
    Total RW  Size (RW Data + ZI Data)              1572 (   1.54kB)
    Total ROM Size (Code + RO Data + RW Data)      27212 (  26.57kB)

==============================================================================

