<html>
<body>
<pre>
<h1>µVision Build Log</h1>
<h2>Tool Versions:</h2>
IDE-Version: µVision V5.23.0.0
Copyright (C) 2017 ARM Ltd and ARM Germany GmbH. All rights reserved.
License Information: a phungdaovinhchung1@gmail.com, a, LIC=LSNRA-1WYKQ-444SX-H21IK-SX4R7-3PURZ
 
Tool Versions:
Toolchain:       MDK-ARM Plus  Version: 5.23
Toolchain Path:  d:\Keil_v5\ARM\ARMCC\Bin
C Compiler:      Armcc.exe V5.06 update 4 (build 422)
Assembler:       Armasm.exe V5.06 update 4 (build 422)
Linker/Locator:  ArmLink.exe V5.06 update 4 (build 422)
Library Manager: ArmAr.exe V5.06 update 4 (build 422)
Hex Converter:   FromElf.exe V5.06 update 4 (build 422)
CPU DLL:         
Dialog DLL:      DCM.DLL V1.15.0.0
Target DLL:      STLink\ST-LINKIII-KEIL_SWO.dll V2.0.18.0
Dialog DLL:      TCM.DLL V1.27.0.0
 
<h2>Project:</h2>
C:\Users\phung\Desktop\MyThesis\08_Temperature\STM32F103C8T6_TEMP\STM32F103C8T6_Hello.uvprojx
Project File Date:  06/28/2017

<h2>Output:</h2>
*** Using Compiler 'V5.06 update 4 (build 422)', folder: 'd:\Keil_v5\ARM\ARMCC\Bin'
Rebuild target 'STM32F103C8T6_Hello'
compiling SysClockConf.cpp...
compiling main.cpp...
main.cpp(57): warning:  #177-D: variable "sum"  was declared but never referenced
        int sum = 0;
main.cpp(58): warning:  #177-D: variable "i"  was declared but never referenced
        int i=0;
main.cpp: 2 warnings, 0 errors
linking...
Program Size: Code=24276 RO-data=2060 RW-data=88 ZI-data=1484  
".\BUILD\STM32F103C8T6_Hello.axf" - 0 Error(s), 2 Warning(s).

<h2>Collection of Component include folders:</h2>
  .\RTE\_STM32F103C8T6_Hello
  d:\Keil_v5\ARM\PACK\Keil\STM32F1xx_DFP\2.2.0\Device\Include

<h2>Collection of Component Files used:</h2>
Build Time Elapsed:  00:00:07
</pre>
</body>
</html>
