<html>
<body>
<pre>
<h1>µVision Build Log</h1>
<h2>Tool Versions:</h2>
IDE-Version: µVision V5.23.0.0
Copyright (C) 2017 ARM Ltd and ARM Germany GmbH. All rights reserved.
License Information: a phungdaovinhchung1@gmail.com, a, LIC=LSNRA-1WYKQ-444SX-H21IK-SX4R7-3PURZ
 
Tool Versions:
Toolchain:       MDK-ARM Plus  Version: 5.23
Toolchain Path:  d:\Keil_v5\ARM\ARMCC\Bin
C Compiler:      Armcc.exe V5.06 update 4 (build 422)
Assembler:       Armasm.exe V5.06 update 4 (build 422)
Linker/Locator:  ArmLink.exe V5.06 update 4 (build 422)
Library Manager: ArmAr.exe V5.06 update 4 (build 422)
Hex Converter:   FromElf.exe V5.06 update 4 (build 422)
CPU DLL:         
Dialog DLL:      DCM.DLL V1.15.0.0
Target DLL:      STLink\ST-LINKIII-KEIL_SWO.dll V2.0.18.0
Dialog DLL:      TCM.DLL V1.27.0.0
 
<h2>Project:</h2>
C:\Users\phung\Desktop\MyThesis\07_SpO2\STM32F103C8T6_Hello\STM32F103C8T6_Hello.uvprojx
Project File Date:  06/28/2017

<h2>Output:</h2>
*** Using Compiler 'V5.06 update 4 (build 422)', folder: 'd:\Keil_v5\ARM\ARMCC\Bin'
Rebuild target 'STM32F103C8T6_Hello'
compiling algorithm.cpp...
algorithm/algorithm.h(102): warning:  #1-D: last line of file ends without a newline
                                                                                                                
algorithm/algorithm.cpp: 1 warning, 0 errors
compiling MAX30102.cpp...
compiling SysClockConf.cpp...
compiling main.cpp...
algorithm\algorithm.h(102): warning:  #1-D: last line of file ends without a newline
                                                                                                                
main.cpp(69): warning:  #177-D: variable "start"  was declared but never referenced
  const char start[]="start";
main.cpp(70): warning:  #177-D: variable "stop"  was declared but never referenced
  const char stop[]="stop";
main.cpp: 3 warnings, 0 errors
linking...
Program Size: Code=33500 RO-data=2532 RW-data=124 ZI-data=17488  
".\BUILD\STM32F103C8T6_Hello.axf" - 0 Error(s), 4 Warning(s).

<h2>Collection of Component include folders:</h2>
  .\RTE\_STM32F103C8T6_Hello
  d:\Keil_v5\ARM\PACK\Keil\STM32F1xx_DFP\2.2.0\Device\Include

<h2>Collection of Component Files used:</h2>
Build Time Elapsed:  00:00:20
</pre>
</body>
</html>
